Archive member included to satisfy reference by file (symbol)

c:/chibistudio/tools/gnu tools arm embedded/7.0 2017q4/bin/../lib/gcc/arm-none-eabi/7.2.1/thumb/v7-m\libgcc.a(_arm_addsubdf3.o)
                              build/obj/turret.o (__aeabi_f2d)
c:/chibistudio/tools/gnu tools arm embedded/7.0 2017q4/bin/../lib/gcc/arm-none-eabi/7.2.1/thumb/v7-m\libgcc.a(_arm_muldivdf3.o)
                              build/obj/turret.o (__aeabi_dmul)
c:/chibistudio/tools/gnu tools arm embedded/7.0 2017q4/bin/../lib/gcc/arm-none-eabi/7.2.1/thumb/v7-m\libgcc.a(_arm_cmpdf2.o)
                              build/obj/turret.o (__aeabi_dcmplt)
c:/chibistudio/tools/gnu tools arm embedded/7.0 2017q4/bin/../lib/gcc/arm-none-eabi/7.2.1/thumb/v7-m\libgcc.a(_arm_fixdfsi.o)
                              build/obj/turret.o (__aeabi_d2iz)
c:/chibistudio/tools/gnu tools arm embedded/7.0 2017q4/bin/../lib/gcc/arm-none-eabi/7.2.1/thumb/v7-m\libgcc.a(_arm_addsubsf3.o)
                              build/obj/pid.o (__aeabi_fsub)
c:/chibistudio/tools/gnu tools arm embedded/7.0 2017q4/bin/../lib/gcc/arm-none-eabi/7.2.1/thumb/v7-m\libgcc.a(_arm_muldivsf3.o)
                              build/obj/canBusProcess.o (__aeabi_fmul)
c:/chibistudio/tools/gnu tools arm embedded/7.0 2017q4/bin/../lib/gcc/arm-none-eabi/7.2.1/thumb/v7-m\libgcc.a(_arm_cmpsf2.o)
                              build/obj/pid.o (__aeabi_fcmplt)
c:/chibistudio/tools/gnu tools arm embedded/7.0 2017q4/bin/../lib/gcc/arm-none-eabi/7.2.1/thumb/v7-m\libgcc.a(_arm_fixsfsi.o)
                              build/obj/main.o (__aeabi_f2iz)
c:/chibistudio/tools/gnu tools arm embedded/7.0 2017q4/bin/../lib/gcc/arm-none-eabi/7.2.1/../../../../arm-none-eabi/lib/thumb/v7-m\libg.a(lib_a-memcpy.o)
                              build/obj/hal_buffers.o (memcpy)
c:/chibistudio/tools/gnu tools arm embedded/7.0 2017q4/bin/../lib/gcc/arm-none-eabi/7.2.1/../../../../arm-none-eabi/lib/thumb/v7-m\libg.a(lib_a-memset.o)
                              build/obj/chfactory.o (memset)
c:/chibistudio/tools/gnu tools arm embedded/7.0 2017q4/bin/../lib/gcc/arm-none-eabi/7.2.1/../../../../arm-none-eabi/lib/thumb/v7-m\libg.a(lib_a-strcmp.o)
                              build/obj/chregistry.o (strcmp)
c:/chibistudio/tools/gnu tools arm embedded/7.0 2017q4/bin/../lib/gcc/arm-none-eabi/7.2.1/../../../../arm-none-eabi/lib/thumb/v7-m\libg.a(lib_a-strncmp.o)
                              build/obj/chfactory.o (strncmp)
c:/chibistudio/tools/gnu tools arm embedded/7.0 2017q4/bin/../lib/gcc/arm-none-eabi/7.2.1/../../../../arm-none-eabi/lib/thumb/v7-m\libg.a(lib_a-strncpy.o)
                              build/obj/chfactory.o (strncpy)

Discarded input sections

 .data          0x00000000        0x0 build/obj/crt0_v7m.o
 .bss           0x00000000        0x0 build/obj/crt0_v7m.o
 .data          0x00000000        0x0 build/obj/vectors.o
 .bss           0x00000000        0x0 build/obj/vectors.o
 .data          0x00000000        0x0 build/obj/chcoreasm_v7m.o
 .bss           0x00000000        0x0 build/obj/chcoreasm_v7m.o
 .text          0x00000000        0x0 build/obj/crt1.o
 .data          0x00000000        0x0 build/obj/crt1.o
 .bss           0x00000000        0x0 build/obj/crt1.o
 .text.__early_init
                0x00000000        0x4 build/obj/crt1.o
 .text          0x00000000        0x0 build/obj/hal.o
 .data          0x00000000        0x0 build/obj/hal.o
 .bss           0x00000000        0x0 build/obj/hal.o
 .text          0x00000000        0x0 build/obj/hal_st.o
 .data          0x00000000        0x0 build/obj/hal_st.o
 .bss           0x00000000        0x0 build/obj/hal_st.o
 .text.stGetAlarm
                0x00000000        0xc build/obj/hal_st.o
 .text          0x00000000        0x0 build/obj/hal_buffers.o
 .data          0x00000000        0x0 build/obj/hal_buffers.o
 .bss           0x00000000        0x0 build/obj/hal_buffers.o
 .text.ibqObjectInit
                0x00000000       0x30 build/obj/hal_buffers.o
 .text.ibqResetI
                0x00000000       0x18 build/obj/hal_buffers.o
 .text.ibqGetEmptyBufferI
                0x00000000       0x18 build/obj/hal_buffers.o
 .text.ibqPostFullBufferI
                0x00000000       0x28 build/obj/hal_buffers.o
 .text.ibqGetFullBufferTimeoutS
                0x00000000       0x34 build/obj/hal_buffers.o
 .text.ibqGetFullBufferTimeout
                0x00000000       0x14 build/obj/hal_buffers.o
 .text.ibqReleaseEmptyBuffer
                0x00000000       0x34 build/obj/hal_buffers.o
 .text.ibqReleaseEmptyBufferS
                0x00000000       0x2c build/obj/hal_buffers.o
 .text.ibqGetTimeout
                0x00000000       0x5c build/obj/hal_buffers.o
 .text.ibqReadTimeout
                0x00000000       0xdc build/obj/hal_buffers.o
 .text.obqObjectInit
                0x00000000       0x30 build/obj/hal_buffers.o
 .text.obqResetI
[...]
Memory Configuration

Name             Origin             Length             Attributes
flash0           0x08000000         0x00010000
flash1           0x00000000         0x00000000
flash2           0x00000000         0x00000000
flash3           0x00000000         0x00000000
flash4           0x00000000         0x00000000
flash5           0x00000000         0x00000000
flash6           0x00000000         0x00000000
flash7           0x00000000         0x00000000
ram0             0x20000000         0x00005000
ram1             0x00000000         0x00000000
ram2             0x00000000         0x00000000
ram3             0x00000000         0x00000000
ram4             0x00000000         0x00000000
ram5             0x00000000         0x00000000
ram6             0x00000000         0x00000000
ram7             0x00000000         0x00000000
*default*        0x00000000         0xffffffff

Linker script and memory map

LOAD build/obj/crt0_v7m.o
LOAD build/obj/vectors.o
LOAD build/obj/chcoreasm_v7m.o
LOAD build/obj/crt1.o
LOAD build/obj/hal.o
LOAD build/obj/hal_st.o
LOAD build/obj/hal_buffers.o
LOAD build/obj/hal_queues.o
LOAD build/obj/hal_mmcsd.o
LOAD build/obj/hal_can.o
LOAD build/obj/hal_pal.o
LOAD build/obj/hal_uart.o
LOAD build/obj/nvic.o
LOAD build/obj/stm32_isr.o
LOAD build/obj/hal_lld.o
LOAD build/obj/hal_can_lld.o
LOAD build/obj/stm32_dma.o
LOAD build/obj/hal_pal_lld.o
LOAD build/obj/hal_st_lld.o
LOAD build/obj/hal_uart_lld.o
LOAD build/obj/board.o
LOAD build/obj/osal.o
LOAD build/obj/chsys.o
LOAD build/obj/chdebug.o
LOAD build/obj/chtrace.o
LOAD build/obj/chvt.o
LOAD build/obj/chschd.o
LOAD build/obj/chthreads.o
LOAD build/obj/chregistry.o
LOAD build/obj/chsem.o
LOAD build/obj/chmtx.o
LOAD build/obj/chcond.o
LOAD build/obj/chevents.o
LOAD build/obj/chmsg.o
LOAD build/obj/chdynamic.o
LOAD build/obj/chmboxes.o
LOAD build/obj/chmemcore.o
LOAD build/obj/chmemheaps.o
LOAD build/obj/chmempools.o
LOAD build/obj/chfactory.o
LOAD build/obj/chcore.o
LOAD build/obj/chcore_v7m.o
LOAD build/obj/main.o
LOAD build/obj/dbus.o
LOAD build/obj/canBusProcess.o
LOAD build/obj/pid.o
LOAD build/obj/turret.o

.mstack         0x20000000      0x400
                0x20000000                . = ALIGN (0x8)
                0x20000000                __main_stack_base__ = .
                0x20000400                . = (. + __main_stack_size__)
 *fill*         0x20000000      0x400 
                0x20000400                . = ALIGN (0x8)
                0x20000400                __main_stack_end__ = .

.pstack         0x20000400      0x400
                0x20000400                . = ALIGN (0x8)
                0x20000400                __process_stack_base__ = .
                0x20000400                __main_thread_stack_base__ = .
                0x20000800                . = (. + __process_stack_size__)
 *fill*         0x20000400      0x400 
                0x20000800                . = ALIGN (0x8)
                0x20000800                __process_stack_end__ = .
                0x20000800                __main_thread_stack_end__ = .

.vectors        0x08000000      0x160
 *(.vectors)
 .vectors       0x08000000      0x160 build/obj/vectors.o
                0x08000000                _vectors

.xtors          0x08000160        0x0
                0x08000160                __init_array_start = .
 *(SORT_BY_NAME(.init_array.*))
 *(.init_array)
                0x08000160                __init_array_end = .
                0x08000160                __fini_array_start = .
 *(.fini_array)
 *(SORT_BY_NAME(.fini_array.*))
                0x08000160                __fini_array_end = .

.text           0x08000160     0x32e0
                0x08000160                __text_base = .
 *(.text)
 .text          0x08000160       0xd8 build/obj/crt0_v7m.o
                0x08000160                _crt0_entry
 .text          0x08000238        0x8 build/obj/vectors.o
                0x08000238                Reset_Handler
                0x0800023a                VectorE8
                0x0800023a                Vector9C
                0x0800023a                VectorAC
                0x0800023a                DebugMon_Handler
                0x0800023a                Vector5C
                0x0800023a                Vector11C
                0x0800023a                HardFault_Handler
                0x0800023a                SysTick_Handler
                0x0800023a                VectorDC
                0x0800023a                PendSV_Handler
                0x0800023a                NMI_Handler
                0x0800023a                Vector110
                0x0800023a                Vector120
                0x0800023a                VectorC8
                0x0800023a                VectorA8
                0x0800023a                VectorB4
                0x0800023a                UsageFault_Handler
                0x0800023a                VectorEC
                0x0800023a                Vector40
                0x0800023a                VectorF8
                0x0800023a                Vector108
                0x0800023a                VectorBC
                0x0800023a                Vector150
                0x0800023a                Vector124
                0x0800023a                Vector148
                0x0800023a                Vector118
                0x0800023a                Vector64
                0x0800023a                Vector58
                0x0800023a                VectorCC
                0x0800023a                Vector54
                0x0800023a                Vector138
                0x0800023a                Vector24
                0x0800023a                VectorD0
                0x0800023a                Vector140
                0x0800023a                VectorE4
                0x0800023a                VectorC0
                0x0800023a                Vector158
                0x0800023a                Vector130
                0x0800023a                Vector134
                0x0800023a                VectorF0
                0x0800023a                Vector12C
                0x0800023a                Vector13C
                0x0800023a                Vector100
                0x0800023a                VectorE0
                0x0800023a                VectorF4
                0x0800023a                MemManage_Handler
                0x0800023a                VectorA0
                0x0800023a                VectorC4
                0x0800023a                Vector114
                0x0800023a                Vector60
                0x0800023a                Vector1C
                0x0800023a                Vector48
                0x0800023a                VectorD4
                0x0800023a                Vector4C
                0x0800023a                Vector144
                0x0800023a                Vector15C
                0x0800023a                Vector68
                0x0800023a                VectorA4
                0x0800023a                Vector88
                0x0800023a                Vector104
                0x0800023a                Vector10C
                0x0800023a                Vector14C
                0x0800023a                BusFault_Handler
                0x0800023a                Vector50
                0x0800023a                Vector154
                0x0800023a                Vector44
                0x0800023a                Vector28
                0x0800023a                VectorB8
                0x0800023a                VectorFC
                0x0800023a                Vector34
                0x0800023a                Vector128
                0x0800023a                Vector20
                0x0800023e                _unhandled_exception
 .text          0x08000240       0x28 build/obj/chcoreasm_v7m.o
                0x08000240                _port_switch
                0x08000250                _port_thread_start
                0x08000260                _port_switch_from_isr
                0x08000264                _port_exit_from_isr
 .text          0x08000268      0x378 c:/chibistudio/tools/gnu tools arm embedded/7.0 2017q4/bin/../lib/gcc/arm-none-eabi/7.2.1/thumb/v7-m\libgcc.a(_arm_addsubdf3.o)
                0x08000268                __aeabi_drsub
                0x08000270                __aeabi_dsub
                0x08000270                __subdf3
                0x08000274                __aeabi_dadd
                0x08000274                __adddf3
                0x080004ec                __floatunsidf
                0x080004ec                __aeabi_ui2d
                0x0800050c                __floatsidf
                0x0800050c                __aeabi_i2d
                0x08000530                __aeabi_f2d
                0x08000530                __extendsfdf2
                0x08000574                __floatundidf
                0x08000574                __aeabi_ul2d
                0x08000584                __floatdidf
                0x08000584                __aeabi_l2d
 .text          0x080005e0      0x424 c:/chibistudio/tools/gnu tools arm embedded/7.0 2017q4/bin/../lib/gcc/arm-none-eabi/7.2.1/thumb/v7-m\libgcc.a(_arm_muldivdf3.o)
                0x080005e0                __aeabi_dmul
                0x080005e0                __muldf3
                0x08000834                __divdf3
                0x08000834                __aeabi_ddiv
 .text          0x08000a04      0x110 c:/chibistudio/tools/gnu tools arm embedded/7.0 2017q4/bin/../lib/gcc/arm-none-eabi/7.2.1/thumb/v7-m\libgcc.a(_arm_cmpdf2.o)
                0x08000a04                __gtdf2
                0x08000a04                __gedf2
                0x08000a0c                __ltdf2
                0x08000a0c                __ledf2
                0x08000a14                __nedf2
                0x08000a14                __eqdf2
                0x08000a14                __cmpdf2
                0x08000a90                __aeabi_cdrcmple
                0x08000aa0                __aeabi_cdcmpeq
                0x08000aa0                __aeabi_cdcmple
                0x08000ab0                __aeabi_dcmpeq
                0x08000ac4                __aeabi_dcmplt
                0x08000ad8                __aeabi_dcmple
                0x08000aec                __aeabi_dcmpge
                0x08000b00                __aeabi_dcmpgt
 .text          0x08000b14       0x50 c:/chibistudio/tools/gnu tools arm embedded/7.0 2017q4/bin/../lib/gcc/arm-none-eabi/7.2.1/thumb/v7-m\libgcc.a(_arm_fixdfsi.o)
                0x08000b14                __aeabi_d2iz
                0x08000b14                __fixdfsi
 .text          0x08000b64      0x21c c:/chibistudio/tools/gnu tools arm embedded/7.0 2017q4/bin/../lib/gcc/arm-none-eabi/7.2.1/thumb/v7-m\libgcc.a(_arm_addsubsf3.o)
                0x08000b64                __aeabi_frsub
                0x08000b6c                __subsf3
                0x08000b6c                __aeabi_fsub
                0x08000b70                __aeabi_fadd
                0x08000b70                __addsf3
                0x08000cd0                __aeabi_ui2f
                0x08000cd0                __floatunsisf
                0x08000cd8                __aeabi_i2f
                0x08000cd8                __floatsisf
                0x08000cf4                __aeabi_ul2f
                0x08000cf4                __floatundisf
                0x08000d04                __aeabi_l2f
                0x08000d04                __floatdisf
 .text          0x08000d80      0x2a0 c:/chibistudio/tools/gnu tools arm embedded/7.0 2017q4/bin/../lib/gcc/arm-none-eabi/7.2.1/thumb/v7-m\libgcc.a(_arm_muldivsf3.o)
                0x08000d80                __mulsf3
                0x08000d80                __aeabi_fmul
                0x08000ee8                __aeabi_fdiv
                0x08000ee8                __divsf3
 .text          0x08001020       0xec c:/chibistudio/tools/gnu tools arm embedded/7.0 2017q4/bin/../lib/gcc/arm-none-eabi/7.2.1/thumb/v7-m\libgcc.a(_arm_cmpsf2.o)
                0x08001020                __gesf2
                0x08001020                __gtsf2
                0x08001028                __lesf2
                0x08001028                __ltsf2
                0x08001030                __nesf2
                0x08001030                __eqsf2
                0x08001030                __cmpsf2
                0x08001090                __aeabi_cfrcmple
                0x08001098                __aeabi_cfcmpeq
                0x08001098                __aeabi_cfcmple
                0x080010a8                __aeabi_fcmpeq
                0x080010bc                __aeabi_fcmplt
                0x080010d0                __aeabi_fcmple
                0x080010e4                __aeabi_fcmpge
                0x080010f8                __aeabi_fcmpgt
 .text          0x0800110c       0x4c c:/chibistudio/tools/gnu tools arm embedded/7.0 2017q4/bin/../lib/gcc/arm-none-eabi/7.2.1/thumb/v7-m\libgcc.a(_arm_fixsfsi.o)
                0x0800110c                __aeabi_f2iz
                0x0800110c                __fixsfsi
 *(.text.*)
 *fill*         0x08001158        0x8 
 .text.__core_init
                0x08001160        0x4 build/obj/crt1.o
                0x08001160                __core_init
 *fill*         0x08001164        0xc 
 .text.__late_init
                0x08001170        0x4 build/obj/crt1.o
                0x08001170                __late_init
 *fill*         0x08001174        0xc 
 .text.__default_exit
                0x08001180        0x4 build/obj/crt1.o
                0x08001180                __default_exit
 *fill*         0x08001184        0xc 
 .text.__init_ram_areas
                0x08001190       0x68 build/obj/crt1.o
                0x08001190                __init_ram_areas
 *fill*         0x080011f8        0x8 
 .text.halInit  0x08001200       0x24 build/obj/hal.o
                0x08001200                halInit
 *fill*         0x08001224        0xc 
 .text.stInit   0x08001230        0x4 build/obj/hal_st.o
                0x08001230                stInit
 *fill*         0x08001234        0xc 
 .text.stStartAlarm
                0x08001240       0x10 build/obj/hal_st.o
                0x08001240                stStartAlarm
 .text.stStopAlarm
                0x08001250        0xc build/obj/hal_st.o
                0x08001250                stStopAlarm
 *fill*         0x0800125c        0x4 
 .text.stSetAlarm
                0x08001260        0x8 build/obj/hal_st.o
                0x08001260                stSetAlarm
 *fill*         0x08001268        0x8 
 .text.canInit  0x08001270        0x4 build/obj/hal_can.o
                0x08001270                canInit
 *fill*         0x08001274        0xc 
 .text.canObjectInit
                0x08001280       0x3c build/obj/hal_can.o
                0x08001280                canObjectInit
 *fill*         0x080012bc        0x4 
 .text.canStart
                0x080012c0       0x20 build/obj/hal_can.o
                0x080012c0                canStart
 .text.canTransmitTimeout
                0x080012e0       0x50 build/obj/hal_can.o
                0x080012e0                canTransmitTimeout
 .text.canReceiveTimeout
                0x08001330       0x50 build/obj/hal_can.o
                0x08001330                canReceiveTimeout
 .text.uartInit
                0x08001380        0x4 build/obj/hal_uart.o
                0x08001380                uartInit
 *fill*         0x08001384        0xc 
 .text.uartObjectInit
                0x08001390       0x10 build/obj/hal_uart.o
                0x08001390                uartObjectInit
 .text.uartStart
                0x080013a0       0x1c build/obj/hal_uart.o
                0x080013a0                uartStart
 *fill*         0x080013bc        0x4 
 .text.uartStartReceive
                0x080013c0       0x1c build/obj/hal_uart.o
                0x080013c0                uartStartReceive
 *fill*         0x080013dc        0x4 
 .text.uartStopReceive
                0x080013e0       0x2c build/obj/hal_uart.o
                0x080013e0                uartStopReceive
 *fill*         0x0800140c        0x4 
 .text.nvicEnableVector
                0x08001410       0x34 build/obj/nvic.o
                0x08001410                nvicEnableVector
 *fill*         0x08001444        0xc 
 .text.nvicDisableVector
                0x08001450       0x24 build/obj/nvic.o
                0x08001450                nvicDisableVector
 *fill*         0x08001474        0xc 
 .text.irqInit  0x08001480       0x40 build/obj/stm32_isr.o
                0x08001480                irqInit
 .text.hal_lld_init
                0x080014c0       0x50 build/obj/hal_lld.o
                0x080014c0                hal_lld_init
 .text.stm32_clock_init
                0x08001510       0x7c build/obj/hal_lld.o
                0x08001510                stm32_clock_init
 *fill*         0x0800158c        0x4 
 .text.can_lld_set_filters.constprop.4
                0x08001590      0x10c build/obj/hal_can_lld.o
 *fill*         0x0800169c        0x4 
 .text.Vector8C
                0x080016a0       0x70 build/obj/hal_can_lld.o
                0x080016a0                Vector8C
 .text.Vector90
                0x08001710       0x64 build/obj/hal_can_lld.o
                0x08001710                Vector90
 *fill*         0x08001774        0xc 
 .text.Vector94
                0x08001780       0x64 build/obj/hal_can_lld.o
                0x08001780                Vector94
 *fill*         0x080017e4        0xc 
 .text.Vector98
                0x080017f0       0x60 build/obj/hal_can_lld.o
                0x080017f0                Vector98
 .text.can_lld_init
                0x08001850       0x44 build/obj/hal_can_lld.o
                0x08001850                can_lld_init
 *fill*         0x08001894        0xc 
 .text.can_lld_start
                0x080018a0       0x50 build/obj/hal_can_lld.o
                0x080018a0                can_lld_start
 .text.can_lld_is_tx_empty
                0x080018f0       0x40 build/obj/hal_can_lld.o
                0x080018f0                can_lld_is_tx_empty
 .text.can_lld_transmit
                0x08001930       0x70 build/obj/hal_can_lld.o
                0x08001930                can_lld_transmit
 .text.can_lld_is_rx_nonempty
                0x080019a0       0x38 build/obj/hal_can_lld.o
                0x080019a0                can_lld_is_rx_nonempty
 *fill*         0x080019d8        0x8 
 .text.can_lld_receive
                0x080019e0       0xb0 build/obj/hal_can_lld.o
                0x080019e0                can_lld_receive
 .text.canSTM32SetFilters
                0x08001a90       0x20 build/obj/hal_can_lld.o
                0x08001a90                canSTM32SetFilters
 .text.Vector6C
                0x08001ab0       0x34 build/obj/stm32_dma.o
                0x08001ab0                Vector6C
 *fill*         0x08001ae4        0xc 
 .text.Vector70
                0x08001af0       0x3c build/obj/stm32_dma.o
                0x08001af0                Vector70
 *fill*         0x08001b2c        0x4 
 .text.Vector74
                0x08001b30       0x3c build/obj/stm32_dma.o
                0x08001b30                Vector74
 *fill*         0x08001b6c        0x4 
 .text.Vector78
                0x08001b70       0x3c build/obj/stm32_dma.o
                0x08001b70                Vector78
 *fill*         0x08001bac        0x4 
 .text.Vector7C
                0x08001bb0       0x3c build/obj/stm32_dma.o
                0x08001bb0                Vector7C
 *fill*         0x08001bec        0x4 
 .text.Vector80
                0x08001bf0       0x3c build/obj/stm32_dma.o
                0x08001bf0                Vector80
 *fill*         0x08001c2c        0x4 
 .text.Vector84
                0x08001c30       0x3c build/obj/stm32_dma.o
                0x08001c30                Vector84
 *fill*         0x08001c6c        0x4 
 .text.dmaInit  0x08001c70       0x4c build/obj/stm32_dma.o
                0x08001c70                dmaInit
 *fill*         0x08001cbc        0x4 
 .text.dmaStreamAllocate
                0x08001cc0       0x94 build/obj/stm32_dma.o
                0x08001cc0                dmaStreamAllocate
 *fill*         0x08001d54        0xc 
 .text.dmaStreamRelease
                0x08001d60       0x5c build/obj/stm32_dma.o
                0x08001d60                dmaStreamRelease
 *fill*         0x08001dbc        0x4 
 .text._pal_lld_init
                0x08001dc0       0x70 build/obj/hal_pal_lld.o
                0x08001dc0                _pal_lld_init
 .text.VectorB0
                0x08001e30       0x2c build/obj/hal_st_lld.o
                0x08001e30                VectorB0
 *fill*         0x08001e5c        0x4 
 .text.st_lld_init
                0x08001e60       0x48 build/obj/hal_st_lld.o
                0x08001e60                st_lld_init
 *fill*         0x08001ea8        0x8 
 .text.usart_stop
                0x08001eb0       0x3c build/obj/hal_uart_lld.o
 *fill*         0x08001eec        0x4 
 .text.uart_lld_serve_tx_end_irq
                0x08001ef0       0x48 build/obj/hal_uart_lld.o
 *fill*         0x08001f38        0x8 
 .text.uart_lld_serve_rx_end_irq
                0x08001f40       0x7c build/obj/hal_uart_lld.o
 *fill*         0x08001fbc        0x4 
 .text.VectorD8
                0x08001fc0       0x78 build/obj/hal_uart_lld.o
                0x08001fc0                VectorD8
 *fill*         0x08002038        0x8 
 .text.uart_lld_init
                0x08002040       0x2c build/obj/hal_uart_lld.o
                0x08002040                uart_lld_init
 *fill*         0x0800206c        0x4 
 .text.uart_lld_start
                0x08002070       0xe4 build/obj/hal_uart_lld.o
                0x08002070                uart_lld_start
 *fill*         0x08002154        0xc 
 .text.uart_lld_start_receive
                0x08002160       0x30 build/obj/hal_uart_lld.o
                0x08002160                uart_lld_start_receive
 .text.uart_lld_stop_receive
                0x08002190       0x40 build/obj/hal_uart_lld.o
                0x08002190                uart_lld_stop_receive
 .text.__early_init
                0x080021d0        0x4 build/obj/board.o
                0x080021d0                __early_init
 *fill*         0x080021d4        0xc 
 .text.boardInit
                0x080021e0        0x4 build/obj/board.o
                0x080021e0                boardInit
 *fill*         0x080021e4        0xc 
 .text._idle_thread
                0x080021f0        0x4 build/obj/chsys.o
 *fill*         0x080021f4        0xc 
 .text.chSysInit
                0x08002200       0x94 build/obj/chsys.o
                0x08002200                chSysInit
 *fill*         0x08002294        0xc 
 .text.chSysHalt
                0x080022a0        0xc build/obj/chsys.o
                0x080022a0                chSysHalt
 *fill*         0x080022ac        0x4 
 .text.chSysTimerHandlerI
                0x080022b0       0x9c build/obj/chsys.o
                0x080022b0                chSysTimerHandlerI
 *fill*         0x0800234c        0x4 
 .text._vt_init
                0x08002350       0x1c build/obj/chvt.o
                0x08002350                _vt_init
 *fill*         0x0800236c        0x4 
 .text.chVTDoSetI
                0x08002370       0xc0 build/obj/chvt.o
                0x08002370                chVTDoSetI
 .text.chVTDoResetI
                0x08002430       0x7c build/obj/chvt.o
                0x08002430                chVTDoResetI
 *fill*         0x080024ac        0x4 
 .text.wakeup   0x080024b0       0x70 build/obj/chschd.o
 .text._scheduler_init
                0x08002520       0x14 build/obj/chschd.o
                0x08002520                _scheduler_init
 *fill*         0x08002534        0xc 
 .text.chSchReadyI
                0x08002540       0x28 build/obj/chschd.o
                0x08002540                chSchReadyI
 *fill*         0x08002568        0x8 
 .text.chSchGoSleepS
                0x08002570       0x28 build/obj/chschd.o
                0x08002570                chSchGoSleepS
 *fill*         0x08002598        0x8 
 .text.chSchGoSleepTimeoutS
                0x080025a0       0x44 build/obj/chschd.o
                0x080025a0                chSchGoSleepTimeoutS
 *fill*         0x080025e4        0xc 
 .text.chSchWakeupS
                0x080025f0       0x60 build/obj/chschd.o
                0x080025f0                chSchWakeupS
 .text.chSchIsPreemptionRequired
                0x08002650       0x18 build/obj/chschd.o
                0x08002650                chSchIsPreemptionRequired
 *fill*         0x08002668        0x8 
 .text.chSchDoRescheduleAhead
                0x08002670       0x40 build/obj/chschd.o
                0x08002670                chSchDoRescheduleAhead
 .text.chSchDoReschedule
                0x080026b0        0x4 build/obj/chschd.o
                0x080026b0                chSchDoReschedule
 *fill*         0x080026b4        0xc 
 .text._thread_init
                0x080026c0       0x40 build/obj/chthreads.o
                0x080026c0                _thread_init
 .text.chThdCreateSuspendedI
                0x08002700       0x74 build/obj/chthreads.o
                0x08002700                chThdCreateSuspendedI
 *fill*         0x08002774        0xc 
 .text.chThdCreate
                0x08002780       0x20 build/obj/chthreads.o
                0x08002780                chThdCreate
 .text.chThdCreateStatic
                0x080027a0       0x74 build/obj/chthreads.o
                0x080027a0                chThdCreateStatic
 *fill*         0x08002814        0xc 
 .text.chThdExitS
                0x08002820       0x48 build/obj/chthreads.o
                0x08002820                chThdExitS
 *fill*         0x08002868        0x8 
 .text.chThdExit
                0x08002870        0xc build/obj/chthreads.o
                0x08002870                chThdExit
 *fill*         0x0800287c        0x4 
 .text.chThdSleep
                0x08002880       0x18 build/obj/chthreads.o
                0x08002880                chThdSleep
 *fill*         0x08002898        0x8 
 .text.chThdSuspendTimeoutS
                0x080028a0       0x1c build/obj/chthreads.o
                0x080028a0                chThdSuspendTimeoutS
 *fill*         0x080028bc        0x4 
 .text.chThdResumeI
                0x080028c0       0x18 build/obj/chthreads.o
                0x080028c0                chThdResumeI
 *fill*         0x080028d8        0x8 
 .text.chThdEnqueueTimeoutS
                0x080028e0       0x28 build/obj/chthreads.o
                0x080028e0                chThdEnqueueTimeoutS
 *fill*         0x08002908        0x8 
 .text.chThdDequeueAllI
                0x08002910       0x24 build/obj/chthreads.o
                0x08002910                chThdDequeueAllI
 *fill*         0x08002934        0xc 
 .text.chMtxObjectInit
                0x08002940        0xc build/obj/chmtx.o
                0x08002940                chMtxObjectInit
 *fill*         0x0800294c        0x4 
 .text.chEvtRegisterMaskWithFlags
                0x08002950       0x28 build/obj/chevents.o
                0x08002950                chEvtRegisterMaskWithFlags
 *fill*         0x08002978        0x8 
 .text.chEvtUnregister
                0x08002980       0x2c build/obj/chevents.o
                0x08002980                chEvtUnregister
 *fill*         0x080029ac        0x4 
 .text.chEvtSignalI
                0x080029b0       0x30 build/obj/chevents.o
                0x080029b0                chEvtSignalI
 .text.chEvtBroadcastFlagsI
                0x080029e0       0x2c build/obj/chevents.o
                0x080029e0                chEvtBroadcastFlagsI
 *fill*         0x08002a0c        0x4 
 .text.chEvtWaitAnyTimeout
                0x08002a10       0x48 build/obj/chevents.o
                0x08002a10                chEvtWaitAnyTimeout
 *fill*         0x08002a58        0x8 
 .text._core_init
                0x08002a60       0x18 build/obj/chmemcore.o
                0x08002a60                _core_init
 *fill*         0x08002a78        0x8 
 .text.chCoreAllocAlignedWithOffsetI
                0x08002a80       0x34 build/obj/chmemcore.o
                0x08002a80                chCoreAllocAlignedWithOffsetI
 *fill*         0x08002ab4        0xc 
 .text.chCoreAllocAlignedWithOffset
                0x08002ac0       0x44 build/obj/chmemcore.o
                0x08002ac0                chCoreAllocAlignedWithOffset
 *fill*         0x08002b04        0xc 
 .text._heap_init
                0x08002b10       0x1c build/obj/chmemheaps.o
                0x08002b10                _heap_init
 *fill*         0x08002b2c        0x4 
 .text.chPoolObjectInitAligned
                0x08002b30       0x10 build/obj/chmempools.o
                0x08002b30                chPoolObjectInitAligned
 .text.chCoreAllocAlignedI
                0x08002b40        0x8 build/obj/chfactory.o
 *fill*         0x08002b48        0x8 
 .text._factory_init
                0x08002b50       0x50 build/obj/chfactory.o
                0x08002b50                _factory_init
 .text.SVC_Handler
                0x08002ba0       0x14 build/obj/chcore_v7m.o
                0x08002ba0                SVC_Handler
 *fill*         0x08002bb4        0xc 
 .text._port_irq_epilogue
                0x08002bc0       0x50 build/obj/chcore_v7m.o
                0x08002bc0                _port_irq_epilogue
 .text.motor_ctrl_thread
                0x08002c10       0xc4 build/obj/main.o
 *fill*         0x08002cd4        0xc 
 .text.startup.main
                0x08002ce0       0x54 build/obj/main.o
                0x08002ce0                main
 *fill*         0x08002d34        0xc 
 .text.uart_dbus_thread
                0x08002d40      0x100 build/obj/dbus.o
 .text.rxend    0x08002e40       0x1c build/obj/dbus.o
 *fill*         0x08002e5c        0x4 
 .text.RC_get   0x08002e60        0x8 build/obj/dbus.o
                0x08002e60                RC_get
 *fill*         0x08002e68        0x8 
 .text.RC_init  0x08002e70       0x4c build/obj/dbus.o
                0x08002e70                RC_init
 *fill*         0x08002ebc        0x4 
 .text.can_processEncoder
                0x08002ec0       0x80 build/obj/canBusProcess.o
 .text.can_rx   0x08002f40       0xb4 build/obj/canBusProcess.o
 *fill*         0x08002ff4        0xc 
 .text.can_getEncoder
                0x08003000        0x8 build/obj/canBusProcess.o
                0x08003000                can_getEncoder
 *fill*         0x08003008        0x8 
 .text.can_motorSetCurrent
                0x08003010       0x6c build/obj/canBusProcess.o
                0x08003010                can_motorSetCurrent
 *fill*         0x0800307c        0x4 
 .text.can_processInit
                0x08003080       0x80 build/obj/canBusProcess.o
                0x08003080                can_processInit
 .text.pid_init
                0x08003100       0x28 build/obj/pid.o
                0x08003100                pid_init
 *fill*         0x08003128        0x8 
 .text.pid_update
                0x08003130       0xa0 build/obj/pid.o
                0x08003130                pid_update
 .text.turret_init
                0x080031d0       0xd4 build/obj/turret.o
                0x080031d0                turret_init
 *fill*         0x080032a4        0xc 
 .text.turret_output
                0x080032b0       0xfc build/obj/turret.o
                0x080032b0                turret_output
 .text.memset   0x080033ac       0x94 c:/chibistudio/tools/gnu tools arm embedded/7.0 2017q4/bin/../lib/gcc/arm-none-eabi/7.2.1/../../../../arm-none-eabi/lib/thumb/v7-m\libg.a(lib_a-memset.o)
                0x080033ac                memset
 *(.glue_7t)
 .glue_7t       0x08003440        0x0 linker stubs
 *(.glue_7)
 .glue_7        0x08003440        0x0 linker stubs
 *(.gcc*)
                0x08003440                __text_end = .

.vfp11_veneer   0x08003440        0x0
 .vfp11_veneer  0x08003440        0x0 linker stubs

.v4_bx          0x08003440        0x0
 .v4_bx         0x08003440        0x0 linker stubs

.iplt           0x08003440        0x0
 .iplt          0x08003440        0x0 build/obj/crt0_v7m.o

.rodata         0x08003440      0x1b0
                0x08003440                __rodata_base__ = .
 *(.rodata)
 *(.rodata.*)
 .rodata.ram_areas
                0x08003440       0x80 build/obj/crt1.o
 .rodata._stm32_dma_streams
                0x080034c0       0x70 build/obj/stm32_dma.o
                0x080034c0                _stm32_dma_streams
 .rodata.uart_lld_serve_tx_end_irq.str1.4
                0x08003530        0xc build/obj/hal_uart_lld.o
 .rodata.pal_default_config
                0x0800353c       0x3c build/obj/board.o
                0x0800353c                pal_default_config
 .rodata.idle_descriptor.6282
                0x08003578       0x18 build/obj/chsys.o
 .rodata.str1.4
                0x08003590        0x5 build/obj/chsys.o
 *fill*         0x08003595        0x3 
 .rodata.chThdCreateStatic.str1.4
                0x08003598        0x7 build/obj/chthreads.o
 *fill*         0x0800359f        0x1 
 .rodata.ch_debug
                0x080035a0       0x16 build/obj/chregistry.o
                0x080035a0                ch_debug
 *fill*         0x080035b6        0x2 
 .rodata.uart_dbus_thread.str1.4
                0x080035b8       0x13 build/obj/dbus.o
 *fill*         0x080035cb        0x1 
 .rodata.can_rx.str1.4
                0x080035cc       0x10 build/obj/canBusProcess.o
                                  0xd (size before relaxing)
 .rodata.cancfg
                0x080035dc        0x8 build/obj/canBusProcess.o
 .rodata.CSWTCH.3
                0x080035e4        0xc build/obj/turret.o
                0x080035f0                . = ALIGN (0x4)
                0x080035f0                __rodata_end__ = .

.rel.dyn        0x080035f0        0x0
 .rel.iplt      0x080035f0        0x0 build/obj/crt0_v7m.o

.ARM.extab
 *(.ARM.extab* .gnu.linkonce.armextab.*)

.ARM.exidx      0x080035f0        0x0
                0x080035f0                __exidx_start = .
 *(.ARM.exidx* .gnu.linkonce.armexidx.*)
                0x080035f0                __exidx_end = .

.eh_frame_hdr
 *(.eh_frame_hdr)

.eh_frame
 *(.eh_frame)

.data           0x20000800       0x24 load address 0x080035f0
                [!provide]                PROVIDE (_textdata, LOADADDR (.data))
                [!provide]                PROVIDE (_data, .)
                0x080035f0                _textdata_start = LOADADDR (.data)
                0x20000800                _data_start = .
 *(.data)
 *(.data.*)
 .data.last_angle_sp
                0x20000800        0x4 build/obj/main.o
                0x20000800                last_angle_sp
 .data.uart_cfg
                0x20000804       0x20 build/obj/dbus.o
 *(.ramtext)
                0x20000824                . = ALIGN (0x4)
                [!provide]                PROVIDE (_edata, .)
                0x20000824                _data_end = .

.igot.plt       0x20000824        0x0 load address 0x08003614
 .igot.plt      0x20000824        0x0 build/obj/crt0_v7m.o

.bss            0x20000828      0xbd8 load address 0x08003614
                0x20000828                _bss_start = .
 *(.bss)
 *(.bss.*)
 .bss.CAND1     0x20000828       0x30 build/obj/hal_can_lld.o
                0x20000828                CAND1
 .bss._stm32_dma_isr_redir
                0x20000858       0x38 build/obj/stm32_dma.o
                0x20000858                _stm32_dma_isr_redir
 .bss.dma       0x20000890        0x8 build/obj/stm32_dma.o
 .bss.UARTD2    0x20000898       0x1c build/obj/hal_uart_lld.o
                0x20000898                UARTD2
 *fill*         0x200008b4        0x4 
 .bss.ch_idle_thread_wa
                0x200008b8       0xd8 build/obj/chsys.o
                0x200008b8                ch_idle_thread_wa
 .bss.ch        0x20000990       0x74 build/obj/chschd.o
                0x20000990                ch
 .bss.ch_memcore
                0x20000a04        0x8 build/obj/chmemcore.o
                0x20000a04                ch_memcore
 .bss.default_heap
                0x20000a0c       0x1c build/obj/chmemheaps.o
 .bss.ch_factory
                0x20000a28       0x44 build/obj/chfactory.o
                0x20000a28                ch_factory
 .bss.beaten    0x20000a6c        0x4 build/obj/main.o
                0x20000a6c                beaten
 .bss.motor_ctrl_thread_wa
                0x20000a70      0x2c8 build/obj/main.o
 .bss.pid_angle
                0x20000d38       0x30 build/obj/main.o
                0x20000d38                pid_angle
 .bss.pid_speed
                0x20000d68       0x30 build/obj/main.o
                0x20000d68                pid_speed
 .bss.rc        0x20000d98        0x4 build/obj/main.o
 .bss.RC_Ctl    0x20000d9c        0xa build/obj/dbus.o
 .bss.rc_state  0x20000da6        0x1 build/obj/dbus.o
 *fill*         0x20000da7        0x1 
 .bss.rxbuf     0x20000da8       0x12 build/obj/dbus.o
 *fill*         0x20000dba        0x2 
 .bss.uart_dbus_thread_handler
                0x20000dbc        0x4 build/obj/dbus.o
 .bss.uart_dbus_thread_wa
                0x20000dc0      0x2c8 build/obj/dbus.o
 .bss._encoder  0x20001088       0x60 build/obj/canBusProcess.o
                0x20001088                _encoder
 .bss.can_rx1_wa
                0x200010e8      0x1c8 build/obj/canBusProcess.o
 .bss.canfilter
                0x200012b0      0x150 build/obj/canBusProcess.o
 *(COMMON)
                0x20001400                . = ALIGN (0x4)
                0x20001400                _bss_end = .
                [!provide]                PROVIDE (end, .)
                0x20000000                __ram0_start__ = ORIGIN (ram0)
                0x00005000                __ram0_size__ = LENGTH (ram0)
                0x20005000                __ram0_end__ = (__ram0_start__ + __ram0_size__)
                0x00000000                __ram1_start__ = ORIGIN (ram1)
                0x00000000                __ram1_size__ = LENGTH (ram1)
                0x00000000                __ram1_end__ = (__ram1_start__ + __ram1_size__)
                0x00000000                __ram2_start__ = ORIGIN (ram2)
                0x00000000                __ram2_size__ = LENGTH (ram2)
                0x00000000                __ram2_end__ = (__ram2_start__ + __ram2_size__)
                0x00000000                __ram3_start__ = ORIGIN (ram3)
                0x00000000                __ram3_size__ = LENGTH (ram3)
                0x00000000                __ram3_end__ = (__ram3_start__ + __ram3_size__)
                0x00000000                __ram4_start__ = ORIGIN (ram4)
                0x00000000                __ram4_size__ = LENGTH (ram4)
                0x00000000                __ram4_end__ = (__ram4_start__ + __ram4_size__)
                0x00000000                __ram5_start__ = ORIGIN (ram5)
                0x00000000                __ram5_size__ = LENGTH (ram5)
                0x00000000                __ram5_end__ = (__ram5_start__ + __ram5_size__)
                0x00000000                __ram6_start__ = ORIGIN (ram6)
                0x00000000                __ram6_size__ = LENGTH (ram6)
                0x00000000                __ram6_end__ = (__ram6_start__ + __ram6_size__)
                0x00000000                __ram7_start__ = ORIGIN (ram7)
                0x00000000                __ram7_size__ = LENGTH (ram7)
                0x00000000                __ram7_end__ = (__ram7_start__ + __ram7_size__)
                0x08000000                __flash0_start__ = ORIGIN (flash0)
                0x00010000                __flash0_size__ = LENGTH (flash0)
                0x08010000                __flash0_end__ = (__flash0_start__ + __flash0_size__)
                0x00000000                __flash1_start__ = ORIGIN (flash1)
                0x00000000                __flash1_size__ = LENGTH (flash1)
                0x00000000                __flash1_end__ = (__flash1_start__ + __flash1_size__)
                0x00000000                __flash2_start__ = ORIGIN (flash2)
                0x00000000                __flash2_size__ = LENGTH (flash2)
                0x00000000                __flash2_end__ = (__flash2_start__ + __flash2_size__)
                0x00000000                __flash3_start__ = ORIGIN (flash3)
                0x00000000                __flash3_size__ = LENGTH (flash3)
                0x00000000                __flash3_end__ = (__flash3_start__ + __flash3_size__)
                0x00000000                __flash4_start__ = ORIGIN (flash4)
                0x00000000                __flash4_size__ = LENGTH (flash4)
                0x00000000                __flash4_end__ = (__flash4_start__ + __flash4_size__)
                0x00000000                __flash5_start__ = ORIGIN (flash5)
                0x00000000                __flash5_size__ = LENGTH (flash5)
                0x00000000                __flash5_end__ = (__flash5_start__ + __flash5_size__)
                0x00000000                __flash6_start__ = ORIGIN (flash6)
                0x00000000                __flash6_size__ = LENGTH (flash6)
                0x00000000                __flash6_end__ = (__flash6_start__ + __flash6_size__)
                0x00000000                __flash7_start__ = ORIGIN (flash7)
                0x00000000                __flash7_size__ = LENGTH (flash7)
                0x00000000                __flash7_end__ = (__flash7_start__ + __flash7_size__)

.ram0_init      0x20001400        0x0 load address 0x08003614
                0x08003614                __ram0_init_text__ = LOADADDR (.ram0_init)
                0x20001400                __ram0_init__ = .
 *(.ram0_init)
 *(.ram0_init.*)
                0x20001400                . = ALIGN (0x4)

.ram0           0x20001400        0x0 load address 0x08003614
                0x20001400                __ram0_clear__ = .
 *(.ram0_clear)
 *(.ram0_clear.*)
                0x20001400                . = ALIGN (0x4)
                0x20001400                __ram0_noinit__ = .
 *(.ram0)
 *(.ram0.*)
                0x20001400                . = ALIGN (0x4)
                0x20001400                __ram0_free__ = .

.ram1_init      0x00000000        0x0 load address 0x08003614
                0x08003614                __ram1_init_text__ = LOADADDR (.ram1_init)
                0x00000000                __ram1_init__ = .
 *(.ram1_init)
 *(.ram1_init.*)
                0x00000000                . = ALIGN (0x4)

.ram1           0x00000000        0x0 load address 0x08003614
                0x00000000                __ram1_clear__ = .
 *(.ram1_clear)
 *(.ram1_clear.*)
                0x00000000                . = ALIGN (0x4)
                0x00000000                __ram1_noinit__ = .
 *(.ram1)
 *(.ram1.*)
                0x00000000                . = ALIGN (0x4)
                0x00000000                __ram1_free__ = .

.ram2_init      0x00000000        0x0 load address 0x08003614
                0x08003614                __ram2_init_text__ = LOADADDR (.ram2_init)
                0x00000000                __ram2_init__ = .
 *(.ram2_init)
 *(.ram2_init.*)
                0x00000000                . = ALIGN (0x4)

.ram2           0x00000000        0x0 load address 0x08003614
                0x00000000                __ram2_clear__ = .
 *(.ram2_clear)
 *(.ram2_clear.*)
                0x00000000                . = ALIGN (0x4)
                0x00000000                __ram2_noinit__ = .
 *(.ram2)
 *(.ram2.*)
                0x00000000                . = ALIGN (0x4)
                0x00000000                __ram2_free__ = .

.ram3_init      0x00000000        0x0 load address 0x08003614
                0x08003614                __ram3_init_text__ = LOADADDR (.ram3_init)
                0x00000000                __ram3_init__ = .
 *(.ram3_init)
 *(.ram3_init.*)
                0x00000000                . = ALIGN (0x4)

.ram3           0x00000000        0x0 load address 0x08003614
                0x00000000                __ram3_clear__ = .
 *(.ram3_clear)
 *(.ram3_clear.*)
                0x00000000                . = ALIGN (0x4)
                0x00000000                __ram3_noinit__ = .
 *(.ram3)
 *(.ram3.*)
                0x00000000                . = ALIGN (0x4)
                0x00000000                __ram3_free__ = .

.ram4_init      0x00000000        0x0 load address 0x08003614
                0x08003614                __ram4_init_text__ = LOADADDR (.ram4_init)
                0x00000000                __ram4_init__ = .
 *(.ram4_init)
 *(.ram4_init.*)
                0x00000000                . = ALIGN (0x4)

.ram4           0x00000000        0x0 load address 0x08003614
                0x00000000                __ram4_clear__ = .
 *(.ram4_clear)
 *(.ram4_clear.*)
                0x00000000                . = ALIGN (0x4)
                0x00000000                __ram4_noinit__ = .
 *(.ram4)
 *(.ram4.*)
                0x00000000                . = ALIGN (0x4)
                0x00000000                __ram4_free__ = .

.ram5_init      0x00000000        0x0 load address 0x08003614
                0x08003614                __ram5_init_text__ = LOADADDR (.ram5_init)
                0x00000000                __ram5_init__ = .
 *(.ram5_init)
 *(.ram5_init.*)
                0x00000000                . = ALIGN (0x4)

.ram5           0x00000000        0x0 load address 0x08003614
                0x00000000                __ram5_clear__ = .
 *(.ram5_clear)
 *(.ram5_clear.*)
                0x00000000                . = ALIGN (0x4)
                0x00000000                __ram5_noinit__ = .
 *(.ram5)
 *(.ram5.*)
                0x00000000                . = ALIGN (0x4)
                0x00000000                __ram5_free__ = .

.ram6_init      0x00000000        0x0 load address 0x08003614
                0x08003614                __ram6_init_text__ = LOADADDR (.ram6_init)
                0x00000000                __ram6_init__ = .
 *(.ram6_init)
 *(.ram6_init.*)
                0x00000000                . = ALIGN (0x4)

.ram6           0x00000000        0x0 load address 0x08003614
                0x00000000                __ram6_clear__ = .
 *(.ram6_clear)
 *(.ram6_clear.*)
                0x00000000                . = ALIGN (0x4)
                0x00000000                __ram6_noinit__ = .
 *(.ram6)
 *(.ram6.*)
                0x00000000                . = ALIGN (0x4)
                0x00000000                __ram6_free__ = .

.ram7_init      0x00000000        0x0 load address 0x08003614
                0x08003614                __ram7_init_text__ = LOADADDR (.ram7_init)
                0x00000000                __ram7_init__ = .
 *(.ram7_init)
 *(.ram7_init.*)
                0x00000000                . = ALIGN (0x4)

.ram7           0x00000000        0x0 load address 0x08003614
                0x00000000                __ram7_clear__ = .
 *(.ram7_clear)
 *(.ram7_clear.*)
                0x00000000                . = ALIGN (0x4)
                0x00000000                __ram7_noinit__ = .
 *(.ram7)
 *(.ram7.*)
                0x00000000                . = ALIGN (0x4)
                0x00000000                __ram7_free__ = .

.flash0         0x08003614        0x0
                0x08003614                __flash0_init__ = .
 *(.flash0_init)
 *(.flash0_init.*)
                0x08003614                __flash0_free__ = .

.flash1         0x00000000        0x0
                0x00000000                __flash1_init__ = .
 *(.flash1_init)
 *(.flash1_init.*)
                0x00000000                __flash1_free__ = .

.flash2         0x00000000        0x0
                0x00000000                __flash2_init__ = .
 *(.flash2_init)
 *(.flash2_init.*)
                0x00000000                __flash2_free__ = .

.flash3         0x00000000        0x0
                0x00000000                __flash3_init__ = .
 *(.flash3_init)
 *(.flash3_init.*)
                0x00000000                __flash3_free__ = .

.flash4         0x00000000        0x0
                0x00000000                __flash4_init__ = .
 *(.flash4_init)
 *(.flash4_init.*)
                0x00000000                __flash4_free__ = .

.flash5         0x00000000        0x0
                0x00000000                __flash5_init__ = .
 *(.flash5_init)
 *(.flash5_init.*)
                0x00000000                __flash5_free__ = .

.flash6         0x00000000        0x0
                0x00000000                __flash6_init__ = .
 *(.flash6_init)
 *(.flash6_init.*)
                0x00000000                __flash6_free__ = .

.flash7         0x00000000        0x0
                0x00000000                __flash7_init__ = .
 *(.flash7_init)
 *(.flash7_init.*)
                0x00000000                __flash7_free__ = .

.heap           0x20001400     0x3c00
                0x20001400                . = ALIGN (0x8)
                0x20001400                __heap_base__ = .
                0x20005000                . = (ORIGIN (HEAP_RAM) + LENGTH (HEAP_RAM))
 *fill*         0x20001400     0x3c00 
                0x20005000                __heap_end__ = .
                0x00000400                __process_stack_size__ = 0x400
                0x00000400                __main_stack_size__ = 0x400
START GROUP
LOAD c:/chibistudio/tools/gnu tools arm embedded/7.0 2017q4/bin/../lib/gcc/arm-none-eabi/7.2.1/thumb/v7-m\libgcc.a
LOAD c:/chibistudio/tools/gnu tools arm embedded/7.0 2017q4/bin/../lib/gcc/arm-none-eabi/7.2.1/../../../../arm-none-eabi/lib/thumb/v7-m\libg.a
LOAD c:/chibistudio/tools/gnu tools arm embedded/7.0 2017q4/bin/../lib/gcc/arm-none-eabi/7.2.1/../../../../arm-none-eabi/lib/thumb/v7-m\libc.a
END GROUP
START GROUP
LOAD c:/chibistudio/tools/gnu tools arm embedded/7.0 2017q4/bin/../lib/gcc/arm-none-eabi/7.2.1/thumb/v7-m\libgcc.a
LOAD c:/chibistudio/tools/gnu tools arm embedded/7.0 2017q4/bin/../lib/gcc/arm-none-eabi/7.2.1/../../../../arm-none-eabi/lib/thumb/v7-m\libc.a
LOAD c:/chibistudio/tools/gnu tools arm embedded/7.0 2017q4/bin/../lib/gcc/arm-none-eabi/7.2.1/../../../../arm-none-eabi/lib/thumb/v7-m\libnosys.a
END GROUP
OUTPUT(build/RMInternalDev.elf elf32-littlearm)

.ARM.attributes
                0x00000000       0x2f
 .ARM.attributes
                0x00000000       0x21 build/obj/crt0_v7m.o
 .ARM.attributes
                0x00000021       0x21 build/obj/vectors.o
 .ARM.attributes
                0x00000042       0x21 build/obj/chcoreasm_v7m.o
 .ARM.attributes
                0x00000063       0x33 build/obj/crt1.o
 .ARM.attributes
                0x00000096       0x33 build/obj/hal.o
 .ARM.attributes
                0x000000c9       0x33 build/obj/hal_st.o
 .ARM.attributes
                0x000000fc       0x33 build/obj/hal_can.o
 .ARM.attributes
                0x0000012f       0x33 build/obj/hal_uart.o
 .ARM.attributes
                0x00000162       0x33 build/obj/nvic.o
 .ARM.attributes
                0x00000195       0x33 build/obj/stm32_isr.o
 .ARM.attributes
                0x000001c8       0x33 build/obj/hal_lld.o
 .ARM.attributes
                0x000001fb       0x33 build/obj/hal_can_lld.o
 .ARM.attributes
                0x0000022e       0x33 build/obj/stm32_dma.o
 .ARM.attributes
                0x00000261       0x33 build/obj/hal_pal_lld.o
 .ARM.attributes
                0x00000294       0x33 build/obj/hal_st_lld.o
 .ARM.attributes
                0x000002c7       0x33 build/obj/hal_uart_lld.o
 .ARM.attributes
                0x000002fa       0x33 build/obj/board.o
 .ARM.attributes
                0x0000032d       0x33 build/obj/chsys.o
 .ARM.attributes
                0x00000360       0x33 build/obj/chvt.o
 .ARM.attributes
                0x00000393       0x33 build/obj/chschd.o
 .ARM.attributes
                0x000003c6       0x33 build/obj/chthreads.o
 .ARM.attributes
                0x000003f9       0x33 build/obj/chregistry.o
 .ARM.attributes
                0x0000042c       0x33 build/obj/chmtx.o
 .ARM.attributes
                0x0000045f       0x33 build/obj/chevents.o
 .ARM.attributes
                0x00000492       0x33 build/obj/chmemcore.o
 .ARM.attributes
                0x000004c5       0x33 build/obj/chmemheaps.o
 .ARM.attributes
                0x000004f8       0x33 build/obj/chmempools.o
 .ARM.attributes
                0x0000052b       0x33 build/obj/chfactory.o
 .ARM.attributes
                0x0000055e       0x33 build/obj/chcore_v7m.o
 .ARM.attributes
                0x00000591       0x33 build/obj/main.o
 .ARM.attributes
                0x000005c4       0x33 build/obj/dbus.o
 .ARM.attributes
                0x000005f7       0x33 build/obj/canBusProcess.o
 .ARM.attributes
                0x0000062a       0x33 build/obj/pid.o
 .ARM.attributes
                0x0000065d       0x33 build/obj/turret.o
 .ARM.attributes
                0x00000690       0x1d c:/chibistudio/tools/gnu tools arm embedded/7.0 2017q4/bin/../lib/gcc/arm-none-eabi/7.2.1/thumb/v7-m\libgcc.a(_arm_addsubdf3.o)
 .ARM.attributes
                0x000006ad       0x1d c:/chibistudio/tools/gnu tools arm embedded/7.0 2017q4/bin/../lib/gcc/arm-none-eabi/7.2.1/thumb/v7-m\libgcc.a(_arm_muldivdf3.o)
 .ARM.attributes
                0x000006ca       0x1d c:/chibistudio/tools/gnu tools arm embedded/7.0 2017q4/bin/../lib/gcc/arm-none-eabi/7.2.1/thumb/v7-m\libgcc.a(_arm_cmpdf2.o)
 .ARM.attributes
                0x000006e7       0x1d c:/chibistudio/tools/gnu tools arm embedded/7.0 2017q4/bin/../lib/gcc/arm-none-eabi/7.2.1/thumb/v7-m\libgcc.a(_arm_fixdfsi.o)
 .ARM.attributes
                0x00000704       0x1d c:/chibistudio/tools/gnu tools arm embedded/7.0 2017q4/bin/../lib/gcc/arm-none-eabi/7.2.1/thumb/v7-m\libgcc.a(_arm_addsubsf3.o)
 .ARM.attributes
                0x00000721       0x1d c:/chibistudio/tools/gnu tools arm embedded/7.0 2017q4/bin/../lib/gcc/arm-none-eabi/7.2.1/thumb/v7-m\libgcc.a(_arm_muldivsf3.o)
 .ARM.attributes
                0x0000073e       0x1d c:/chibistudio/tools/gnu tools arm embedded/7.0 2017q4/bin/../lib/gcc/arm-none-eabi/7.2.1/thumb/v7-m\libgcc.a(_arm_cmpsf2.o)
 .ARM.attributes
                0x0000075b       0x1d c:/chibistudio/tools/gnu tools arm embedded/7.0 2017q4/bin/../lib/gcc/arm-none-eabi/7.2.1/thumb/v7-m\libgcc.a(_arm_fixsfsi.o)
 .ARM.attributes
                0x00000778       0x2d c:/chibistudio/tools/gnu tools arm embedded/7.0 2017q4/bin/../lib/gcc/arm-none-eabi/7.2.1/../../../../arm-none-eabi/lib/thumb/v7-m\libg.a(lib_a-memset.o)

.comment        0x00000000       0x7e
 .comment       0x00000000       0x7e build/obj/crt1.o
                                 0x7f (size before relaxing)
 .comment       0x0000007e       0x7f build/obj/hal.o
 .comment       0x0000007e       0x7f build/obj/hal_st.o
 .comment       0x0000007e       0x7f build/obj/hal_can.o
 .comment       0x0000007e       0x7f build/obj/hal_uart.o
 .comment       0x0000007e       0x7f build/obj/nvic.o
 .comment       0x0000007e       0x7f build/obj/stm32_isr.o
 .comment       0x0000007e       0x7f build/obj/hal_lld.o
 .comment       0x0000007e       0x7f build/obj/hal_can_lld.o
 .comment       0x0000007e       0x7f build/obj/stm32_dma.o
 .comment       0x0000007e       0x7f build/obj/hal_pal_lld.o
 .comment       0x0000007e       0x7f build/obj/hal_st_lld.o
 .comment       0x0000007e       0x7f build/obj/hal_uart_lld.o
 .comment       0x0000007e       0x7f build/obj/board.o
 .comment       0x0000007e       0x7f build/obj/chsys.o
 .comment       0x0000007e       0x7f build/obj/chvt.o
 .comment       0x0000007e       0x7f build/obj/chschd.o
 .comment       0x0000007e       0x7f build/obj/chthreads.o
 .comment       0x0000007e       0x7f build/obj/chregistry.o
 .comment       0x0000007e       0x7f build/obj/chmtx.o
 .comment       0x0000007e       0x7f build/obj/chevents.o
 .comment       0x0000007e       0x7f build/obj/chmemcore.o
 .comment       0x0000007e       0x7f build/obj/chmemheaps.o
 .comment       0x0000007e       0x7f build/obj/chmempools.o
 .comment       0x0000007e       0x7f build/obj/chfactory.o
 .comment       0x0000007e       0x7f build/obj/chcore_v7m.o
 .comment       0x0000007e       0x7f build/obj/main.o
 .comment       0x0000007e       0x7f build/obj/dbus.o
 .comment       0x0000007e       0x7f build/obj/canBusProcess.o
 .comment       0x0000007e       0x7f build/obj/pid.o
 .comment       0x0000007e       0x7f build/obj/turret.o

.debug_line     0x00000000     0x9dd8
 .debug_line    0x00000000       0xbf build/obj/crt0_v7m.o
 .debug_line    0x000000bf       0x69 build/obj/vectors.o
 .debug_line    0x00000128       0x7b build/obj/chcoreasm_v7m.o
 .debug_line    0x000001a3      0x1c4 build/obj/crt1.o
 .debug_line    0x00000367      0x484 build/obj/hal.o
 .debug_line    0x000007eb      0x4c7 build/obj/hal_st.o
 .debug_line    0x00000cb2      0x678 build/obj/hal_can.o
 .debug_line    0x0000132a      0x629 build/obj/hal_uart.o
 .debug_line    0x00001953      0x469 build/obj/nvic.o
 .debug_line    0x00001dbc      0x472 build/obj/stm32_isr.o
 .debug_line    0x0000222e      0x49a build/obj/hal_lld.o
 .debug_line    0x000026c8      0x76a build/obj/hal_can_lld.o
 .debug_line    0x00002e32      0x5bd build/obj/stm32_dma.o
 .debug_line    0x000033ef      0x477 build/obj/hal_pal_lld.o
 .debug_line    0x00003866      0x4ed build/obj/hal_st_lld.o
 .debug_line    0x00003d53      0x675 build/obj/hal_uart_lld.o
 .debug_line    0x000043c8      0x449 build/obj/board.o
 .debug_line    0x00004811      0x5d6 build/obj/chsys.o
 .debug_line    0x00004de7      0x498 build/obj/chvt.o
 .debug_line    0x0000527f      0x56e build/obj/chschd.o
 .debug_line    0x000057ed      0x8fc build/obj/chthreads.o
 .debug_line    0x000060e9      0x530 build/obj/chregistry.o
 .debug_line    0x00006619      0x5f1 build/obj/chmtx.o
 .debug_line    0x00006c0a      0x61f build/obj/chevents.o
 .debug_line    0x00007229      0x384 build/obj/chmemcore.o
 .debug_line    0x000075ad      0x41e build/obj/chmemheaps.o
 .debug_line    0x000079cb      0x4ce build/obj/chmempools.o
 .debug_line    0x00007e99      0x6dc build/obj/chfactory.o
 .debug_line    0x00008575      0x35e build/obj/chcore_v7m.o
 .debug_line    0x000088d3      0x4ba build/obj/main.o
 .debug_line    0x00008d8d      0x4fd build/obj/dbus.o
 .debug_line    0x0000928a      0x5af build/obj/canBusProcess.o
 .debug_line    0x00009839       0xad build/obj/pid.o
 .debug_line    0x000098e6      0x4f2 build/obj/turret.o

.debug_info     0x00000000    0x2be9c
 .debug_info    0x00000000       0x26 build/obj/crt0_v7m.o
 .debug_info    0x00000026       0x26 build/obj/vectors.o
 .debug_info    0x0000004c       0x26 build/obj/chcoreasm_v7m.o
 .debug_info    0x00000072      0x366 build/obj/crt1.o
 .debug_info    0x000003d8     0x12e1 build/obj/hal.o
 .debug_info    0x000016b9     0x1503 build/obj/hal_st.o
 .debug_info    0x00002bbc     0x22c6 build/obj/hal_can.o
 .debug_info    0x00004e82     0x1b8f build/obj/hal_uart.o
 .debug_info    0x00006a11     0x15d5 build/obj/nvic.o
 .debug_info    0x00007fe6     0x14f7 build/obj/stm32_isr.o
 .debug_info    0x000094dd     0x140b build/obj/hal_lld.o
 .debug_info    0x0000a8e8     0x24c9 build/obj/hal_can_lld.o
 .debug_info    0x0000cdb1     0x169d build/obj/stm32_dma.o
 .debug_info    0x0000e44e     0x146a build/obj/hal_pal_lld.o
 .debug_info    0x0000f8b8     0x1613 build/obj/hal_st_lld.o
 .debug_info    0x00010ecb     0x190d build/obj/hal_uart_lld.o
 .debug_info    0x000127d8     0x1290 build/obj/board.o
 .debug_info    0x00013a68     0x1af4 build/obj/chsys.o
 .debug_info    0x0001555c      0xe54 build/obj/chvt.o
 .debug_info    0x000163b0     0x1128 build/obj/chschd.o
 .debug_info    0x000174d8     0x236a build/obj/chthreads.o
 .debug_info    0x00019842     0x1905 build/obj/chregistry.o
 .debug_info    0x0001b147     0x13a6 build/obj/chmtx.o
 .debug_info    0x0001c4ed     0x1916 build/obj/chevents.o
 .debug_info    0x0001de03      0xbd7 build/obj/chmemcore.o
 .debug_info    0x0001e9da      0xdc0 build/obj/chmemheaps.o
 .debug_info    0x0001f79a     0x14b1 build/obj/chmempools.o
 .debug_info    0x00020c4b     0x2740 build/obj/chfactory.o
 .debug_info    0x0002338b      0xd8c build/obj/chcore_v7m.o
 .debug_info    0x00024117     0x1f47 build/obj/main.o
 .debug_info    0x0002605e     0x17de build/obj/dbus.o
 .debug_info    0x0002783c     0x2424 build/obj/canBusProcess.o
 .debug_info    0x00029c60      0x21e build/obj/pid.o
 .debug_info    0x00029e7e     0x201e build/obj/turret.o

.debug_abbrev   0x00000000     0x6286
 .debug_abbrev  0x00000000       0x14 build/obj/crt0_v7m.o
 .debug_abbrev  0x00000014       0x14 build/obj/vectors.o
 .debug_abbrev  0x00000028       0x14 build/obj/chcoreasm_v7m.o
 .debug_abbrev  0x0000003c      0x128 build/obj/crt1.o
 .debug_abbrev  0x00000164      0x216 build/obj/hal.o
 .debug_abbrev  0x0000037a      0x286 build/obj/hal_st.o
 .debug_abbrev  0x00000600      0x422 build/obj/hal_can.o
 .debug_abbrev  0x00000a22      0x3a7 build/obj/hal_uart.o
 .debug_abbrev  0x00000dc9      0x223 build/obj/nvic.o
 .debug_abbrev  0x00000fec      0x20d build/obj/stm32_isr.o
 .debug_abbrev  0x000011f9      0x239 build/obj/hal_lld.o
 .debug_abbrev  0x00001432      0x470 build/obj/hal_can_lld.o
 .debug_abbrev  0x000018a2      0x2c0 build/obj/stm32_dma.o
 .debug_abbrev  0x00001b62      0x215 build/obj/hal_pal_lld.o
 .debug_abbrev  0x00001d77      0x2b1 build/obj/hal_st_lld.o
 .debug_abbrev  0x00002028      0x43b build/obj/hal_uart_lld.o
 .debug_abbrev  0x00002463      0x210 build/obj/board.o
 .debug_abbrev  0x00002673      0x566 build/obj/chsys.o
 .debug_abbrev  0x00002bd9      0x33a build/obj/chvt.o
 .debug_abbrev  0x00002f13      0x41f build/obj/chschd.o
 .debug_abbrev  0x00003332      0x471 build/obj/chthreads.o
 .debug_abbrev  0x000037a3      0x380 build/obj/chregistry.o
 .debug_abbrev  0x00003b23      0x3e5 build/obj/chmtx.o
 .debug_abbrev  0x00003f08      0x41c build/obj/chevents.o
 .debug_abbrev  0x00004324      0x2c8 build/obj/chmemcore.o
 .debug_abbrev  0x000045ec      0x2de build/obj/chmemheaps.o
 .debug_abbrev  0x000048ca      0x41e build/obj/chmempools.o
 .debug_abbrev  0x00004ce8      0x42a build/obj/chfactory.o
 .debug_abbrev  0x00005112      0x245 build/obj/chcore_v7m.o
 .debug_abbrev  0x00005357      0x2dd build/obj/main.o
 .debug_abbrev  0x00005634      0x37a build/obj/dbus.o
 .debug_abbrev  0x000059ae      0x486 build/obj/canBusProcess.o
 .debug_abbrev  0x00005e34      0x12b build/obj/pid.o
 .debug_abbrev  0x00005f5f      0x327 build/obj/turret.o

.debug_aranges  0x00000000      0xa50
 .debug_aranges
                0x00000000       0x20 build/obj/crt0_v7m.o
 .debug_aranges
                0x00000020       0x20 build/obj/vectors.o
 .debug_aranges
                0x00000040       0x20 build/obj/chcoreasm_v7m.o
 .debug_aranges
                0x00000060       0x30 build/obj/crt1.o
 .debug_aranges
                0x00000090       0x20 build/obj/hal.o
 .debug_aranges
                0x000000b0       0x40 build/obj/hal_st.o
 .debug_aranges
                0x000000f0       0x68 build/obj/hal_can.o
 .debug_aranges
                0x00000158       0x78 build/obj/hal_uart.o
 .debug_aranges
                0x000001d0       0x38 build/obj/nvic.o
 .debug_aranges
                0x00000208       0x28 build/obj/stm32_isr.o
 .debug_aranges
                0x00000230       0x28 build/obj/hal_lld.o
 .debug_aranges
                0x00000258       0x90 build/obj/hal_can_lld.o
 .debug_aranges
                0x000002e8       0x68 build/obj/stm32_dma.o
 .debug_aranges
                0x00000350       0x28 build/obj/hal_pal_lld.o
 .debug_aranges
                0x00000378       0x28 build/obj/hal_st_lld.o
 .debug_aranges
                0x000003a0       0x70 build/obj/hal_uart_lld.o
 .debug_aranges
                0x00000410       0x28 build/obj/board.o
 .debug_aranges
                0x00000438       0x60 build/obj/chsys.o
 .debug_aranges
                0x00000498       0x30 build/obj/chvt.o
 .debug_aranges
                0x000004c8       0x70 build/obj/chschd.o
 .debug_aranges
                0x00000538       0xe8 build/obj/chthreads.o
 .debug_aranges
                0x00000620       0x40 build/obj/chregistry.o
 .debug_aranges
                0x00000660       0x60 build/obj/chmtx.o
 .debug_aranges
                0x000006c0       0xa8 build/obj/chevents.o
 .debug_aranges
                0x00000768       0x38 build/obj/chmemcore.o
 .debug_aranges
                0x000007a0       0x40 build/obj/chmemheaps.o
 .debug_aranges
                0x000007e0       0x78 build/obj/chmempools.o
 .debug_aranges
                0x00000858       0xc8 build/obj/chfactory.o
 .debug_aranges
                0x00000920       0x28 build/obj/chcore_v7m.o
 .debug_aranges
                0x00000948       0x28 build/obj/main.o
 .debug_aranges
                0x00000970       0x38 build/obj/dbus.o
 .debug_aranges
                0x000009a8       0x40 build/obj/canBusProcess.o
 .debug_aranges
                0x000009e8       0x30 build/obj/pid.o
 .debug_aranges
                0x00000a18       0x38 build/obj/turret.o

.debug_str      0x00000000     0x35a5
 .debug_str     0x00000000       0x92 build/obj/crt0_v7m.o
 .debug_str     0x00000092       0x34 build/obj/vectors.o
                                 0x91 (size before relaxing)
 .debug_str     0x000000c6       0x38 build/obj/chcoreasm_v7m.o
                                 0x95 (size before relaxing)
 .debug_str     0x000000fe      0x41a build/obj/crt1.o
                                0x4c9 (size before relaxing)
 .debug_str     0x00000518      0x91c build/obj/hal.o
                                0xbc2 (size before relaxing)
 .debug_str     0x00000e34       0xe6 build/obj/hal_st.o
                                0xc52 (size before relaxing)
 .debug_str     0x00000f1a      0x2d6 build/obj/hal_can.o
                                0xe4f (size before relaxing)
 .debug_str     0x000011f0      0x142 build/obj/hal_uart.o
                                0xd10 (size before relaxing)
 .debug_str     0x00001332       0xfb build/obj/nvic.o
                                0xc6c (size before relaxing)
 .debug_str     0x0000142d      0x313 build/obj/stm32_isr.o
                                0xe96 (size before relaxing)
 .debug_str     0x00001740       0xcd build/obj/hal_lld.o
                                0xc47 (size before relaxing)
 .debug_str     0x0000180d      0x1dd build/obj/hal_can_lld.o
                                0xf18 (size before relaxing)
 .debug_str     0x000019ea       0xb4 build/obj/stm32_dma.o
                                0xca0 (size before relaxing)
 .debug_str     0x00001a9e       0x89 build/obj/hal_pal_lld.o
                                0xc40 (size before relaxing)
 .debug_str     0x00001b27       0x73 build/obj/hal_st_lld.o
                                0xd1e (size before relaxing)
 .debug_str     0x00001b9a       0xdb build/obj/hal_uart_lld.o
                                0xd7b (size before relaxing)
 .debug_str     0x00001c75       0x10 build/obj/board.o
                                0xb98 (size before relaxing)
 .debug_str     0x00001c85      0x3c5 build/obj/chsys.o
                                0xf6d (size before relaxing)
 .debug_str     0x0000204a       0x59 build/obj/chvt.o
                                0x832 (size before relaxing)
 .debug_str     0x000020a3      0x112 build/obj/chschd.o
                                0x8c7 (size before relaxing)
 .debug_str     0x000021b5      0x22c build/obj/chthreads.o
                                0xadf (size before relaxing)
 .debug_str     0x000023e1      0x452 build/obj/chregistry.o
                                0xbab (size before relaxing)
 .debug_str     0x00002833       0xb3 build/obj/chmtx.o
                                0x82b (size before relaxing)
 .debug_str     0x000028e6      0x182 build/obj/chevents.o
                                0x94a (size before relaxing)
 .debug_str     0x00002a68       0x81 build/obj/chmemcore.o
                                0x79e (size before relaxing)
 .debug_str     0x00002ae9       0xcb build/obj/chmemheaps.o
                                0x7e7 (size before relaxing)
 .debug_str     0x00002bb4      0x158 build/obj/chmempools.o
                                0x89d (size before relaxing)
 .debug_str     0x00002d0c      0x3a1 build/obj/chfactory.o
                                0xfee (size before relaxing)
 .debug_str     0x000030ad       0x73 build/obj/chcore_v7m.o
                                0x819 (size before relaxing)
 .debug_str     0x00003120      0x1a0 build/obj/main.o
                               0x113f (size before relaxing)
 .debug_str     0x000032c0       0xeb build/obj/dbus.o
                                0xdbc (size before relaxing)
 .debug_str     0x000033ab      0x168 build/obj/canBusProcess.o
                               0x129a (size before relaxing)
 .debug_str     0x00003513       0x2c build/obj/pid.o
                                0x1a0 (size before relaxing)
 .debug_str     0x0000353f       0x66 build/obj/turret.o
                               0x1179 (size before relaxing)

.debug_loc      0x00000000     0x670b
 .debug_loc     0x00000000       0xb6 build/obj/crt1.o
 .debug_loc     0x000000b6       0x26 build/obj/hal_st.o
 .debug_loc     0x000000dc      0x488 build/obj/hal_can.o
 .debug_loc     0x00000564      0x403 build/obj/hal_uart.o
 .debug_loc     0x00000967       0xee build/obj/nvic.o
 .debug_loc     0x00000a55      0x956 build/obj/hal_can_lld.o
 .debug_loc     0x000013ab      0x23b build/obj/stm32_dma.o
 .debug_loc     0x000015e6       0xf0 build/obj/hal_pal_lld.o
 .debug_loc     0x000016d6       0x29 build/obj/hal_st_lld.o
 .debug_loc     0x000016ff      0x43d build/obj/hal_uart_lld.o
 .debug_loc     0x00001b3c      0x31e build/obj/chsys.o
 .debug_loc     0x00001e5a      0x280 build/obj/chvt.o
 .debug_loc     0x000020da      0x354 build/obj/chschd.o
 .debug_loc     0x0000242e      0xc14 build/obj/chthreads.o
 .debug_loc     0x00003042      0x3ae build/obj/chregistry.o
 .debug_loc     0x000033f0      0x5db build/obj/chmtx.o
 .debug_loc     0x000039cb      0x86c build/obj/chevents.o
 .debug_loc     0x00004237      0x21d build/obj/chmemcore.o
 .debug_loc     0x00004454      0x522 build/obj/chmemheaps.o
 .debug_loc     0x00004976      0x642 build/obj/chmempools.o
 .debug_loc     0x00004fb8      0xc9f build/obj/chfactory.o
 .debug_loc     0x00005c57       0xbd build/obj/chcore_v7m.o
 .debug_loc     0x00005d14       0x78 build/obj/main.o
 .debug_loc     0x00005d8c      0x138 build/obj/dbus.o
 .debug_loc     0x00005ec4      0x30e build/obj/canBusProcess.o
 .debug_loc     0x000061d2      0x1d1 build/obj/pid.o
 .debug_loc     0x000063a3      0x368 build/obj/turret.o

.debug_ranges   0x00000000     0x19c0
 .debug_ranges  0x00000000       0x38 build/obj/crt1.o
 .debug_ranges  0x00000038       0x10 build/obj/hal.o
 .debug_ranges  0x00000048       0x30 build/obj/hal_st.o
 .debug_ranges  0x00000078      0x130 build/obj/hal_can.o
 .debug_ranges  0x000001a8      0x140 build/obj/hal_uart.o
 .debug_ranges  0x000002e8       0x28 build/obj/nvic.o
 .debug_ranges  0x00000310       0x18 build/obj/stm32_isr.o
 .debug_ranges  0x00000328       0x30 build/obj/hal_lld.o
 .debug_ranges  0x00000358      0x158 build/obj/hal_can_lld.o
 .debug_ranges  0x000004b0       0xe8 build/obj/stm32_dma.o
 .debug_ranges  0x00000598       0x18 build/obj/hal_pal_lld.o
 .debug_ranges  0x000005b0       0x30 build/obj/hal_st_lld.o
 .debug_ranges  0x000005e0       0xf8 build/obj/hal_uart_lld.o
 .debug_ranges  0x000006d8       0x18 build/obj/board.o
 .debug_ranges  0x000006f0      0x1e0 build/obj/chsys.o
 .debug_ranges  0x000008d0       0xd0 build/obj/chvt.o
 .debug_ranges  0x000009a0      0x1b0 build/obj/chschd.o
 .debug_ranges  0x00000b50      0x328 build/obj/chthreads.o
 .debug_ranges  0x00000e78      0x158 build/obj/chregistry.o
 .debug_ranges  0x00000fd0      0x238 build/obj/chmtx.o
 .debug_ranges  0x00001208      0x128 build/obj/chevents.o
 .debug_ranges  0x00001330       0x58 build/obj/chmemcore.o
 .debug_ranges  0x00001388       0x60 build/obj/chmemheaps.o
 .debug_ranges  0x000013e8      0x180 build/obj/chmempools.o
 .debug_ranges  0x00001568      0x240 build/obj/chfactory.o
 .debug_ranges  0x000017a8       0x30 build/obj/chcore_v7m.o
 .debug_ranges  0x000017d8       0x18 build/obj/main.o
 .debug_ranges  0x000017f0       0x70 build/obj/dbus.o
 .debug_ranges  0x00001860       0x90 build/obj/canBusProcess.o
 .debug_ranges  0x000018f0       0x58 build/obj/pid.o
 .debug_ranges  0x00001948       0x78 build/obj/turret.o

.debug_frame    0x00000000     0x20a0
 .debug_frame   0x00000000       0x7c build/obj/crt1.o
 .debug_frame   0x0000007c       0x30 build/obj/hal.o
 .debug_frame   0x000000ac       0x60 build/obj/hal_st.o
 .debug_frame   0x0000010c      0x144 build/obj/hal_can.o
 .debug_frame   0x00000250      0x148 build/obj/hal_uart.o
 .debug_frame   0x00000398       0x6c build/obj/nvic.o
 .debug_frame   0x00000404       0x50 build/obj/stm32_isr.o
 .debug_frame   0x00000454       0x40 build/obj/hal_lld.o
 .debug_frame   0x00000494      0x1f4 build/obj/hal_can_lld.o
 .debug_frame   0x00000688      0x158 build/obj/stm32_dma.o
 .debug_frame   0x000007e0       0x60 build/obj/hal_pal_lld.o
 .debug_frame   0x00000840       0x58 build/obj/hal_st_lld.o
 .debug_frame   0x00000898      0x1a4 build/obj/hal_uart_lld.o
 .debug_frame   0x00000a3c       0x30 build/obj/board.o
 .debug_frame   0x00000a6c      0x138 build/obj/chsys.o
 .debug_frame   0x00000ba4       0xa0 build/obj/chvt.o
 .debug_frame   0x00000c44      0x15c build/obj/chschd.o
 .debug_frame   0x00000da0      0x2ec build/obj/chthreads.o
 .debug_frame   0x0000108c       0xb8 build/obj/chregistry.o
 .debug_frame   0x00001144      0x120 build/obj/chmtx.o
 .debug_frame   0x00001264      0x200 build/obj/chevents.o
 .debug_frame   0x00001464       0x90 build/obj/chmemcore.o
 .debug_frame   0x000014f4       0xe4 build/obj/chmemheaps.o
 .debug_frame   0x000015d8      0x154 build/obj/chmempools.o
 .debug_frame   0x0000172c      0x2ec build/obj/chfactory.o
 .debug_frame   0x00001a18       0x3c build/obj/chcore_v7m.o
 .debug_frame   0x00001a54       0x54 build/obj/main.o
 .debug_frame   0x00001aa8       0x8c build/obj/dbus.o
 .debug_frame   0x00001b34       0xc0 build/obj/canBusProcess.o
 .debug_frame   0x00001bf4       0x7c build/obj/pid.o
 .debug_frame   0x00001c70       0xa4 build/obj/turret.o
 .debug_frame   0x00001d14       0xac c:/chibistudio/tools/gnu tools arm embedded/7.0 2017q4/bin/../lib/gcc/arm-none-eabi/7.2.1/thumb/v7-m\libgcc.a(_arm_addsubdf3.o)
 .debug_frame   0x00001dc0       0x50 c:/chibistudio/tools/gnu tools arm embedded/7.0 2017q4/bin/../lib/gcc/arm-none-eabi/7.2.1/thumb/v7-m\libgcc.a(_arm_muldivdf3.o)
 .debug_frame   0x00001e10       0xc4 c:/chibistudio/tools/gnu tools arm embedded/7.0 2017q4/bin/../lib/gcc/arm-none-eabi/7.2.1/thumb/v7-m\libgcc.a(_arm_cmpdf2.o)
 .debug_frame   0x00001ed4       0x24 c:/chibistudio/tools/gnu tools arm embedded/7.0 2017q4/bin/../lib/gcc/arm-none-eabi/7.2.1/thumb/v7-m\libgcc.a(_arm_fixdfsi.o)
 .debug_frame   0x00001ef8       0x4c c:/chibistudio/tools/gnu tools arm embedded/7.0 2017q4/bin/../lib/gcc/arm-none-eabi/7.2.1/thumb/v7-m\libgcc.a(_arm_addsubsf3.o)
 .debug_frame   0x00001f44       0x38 c:/chibistudio/tools/gnu tools arm embedded/7.0 2017q4/bin/../lib/gcc/arm-none-eabi/7.2.1/thumb/v7-m\libgcc.a(_arm_muldivsf3.o)
 .debug_frame   0x00001f7c       0xc8 c:/chibistudio/tools/gnu tools arm embedded/7.0 2017q4/bin/../lib/gcc/arm-none-eabi/7.2.1/thumb/v7-m\libgcc.a(_arm_cmpsf2.o)
 .debug_frame   0x00002044       0x24 c:/chibistudio/tools/gnu tools arm embedded/7.0 2017q4/bin/../lib/gcc/arm-none-eabi/7.2.1/thumb/v7-m\libgcc.a(_arm_fixsfsi.o)
 .debug_frame   0x00002068       0x38 c:/chibistudio/tools/gnu tools arm embedded/7.0 2017q4/bin/../lib/gcc/arm-none-eabi/7.2.1/../../../../arm-none-eabi/lib/thumb/v7-m\libg.a(lib_a-memset.o)

Cross Reference Table

Symbol                                            File
BusFault_Handler                                  build/obj/vectors.o
CAND1                                             build/obj/hal_can_lld.o
                                                  build/obj/canBusProcess.o
DebugMon_Handler                                  build/obj/vectors.o
HardFault_Handler                                 build/obj/vectors.o
MemManage_Handler                                 build/obj/vectors.o
NMI_Handler                                       build/obj/vectors.o
PendSV_Handler                                    build/obj/vectors.o
RC_get                                            build/obj/dbus.o
                                                  build/obj/turret.o
                                                  build/obj/main.o
RC_init                                           build/obj/dbus.o
                                                  build/obj/main.o
Reset_Handler                                     build/obj/vectors.o
SVC_Handler                                       build/obj/chcore_v7m.o
                                                  build/obj/vectors.o
SysTick_Handler                                   build/obj/vectors.o
SystemCoreClock                                   build/obj/hal_lld.o
UARTD2                                            build/obj/hal_uart_lld.o
                                                  build/obj/dbus.o
UsageFault_Handler                                build/obj/vectors.o
Vector100                                         build/obj/vectors.o
Vector104                                         build/obj/vectors.o
Vector108                                         build/obj/vectors.o
Vector10C                                         build/obj/vectors.o
Vector110                                         build/obj/vectors.o
Vector114                                         build/obj/vectors.o
Vector118                                         build/obj/vectors.o
Vector11C                                         build/obj/vectors.o
Vector120                                         build/obj/vectors.o
Vector124                                         build/obj/vectors.o
Vector128                                         build/obj/vectors.o
Vector12C                                         build/obj/vectors.o
Vector130                                         build/obj/vectors.o
Vector134                                         build/obj/vectors.o
Vector138                                         build/obj/vectors.o
Vector13C                                         build/obj/vectors.o
Vector140                                         build/obj/vectors.o
Vector144                                         build/obj/vectors.o
Vector148                                         build/obj/vectors.o
Vector14C                                         build/obj/vectors.o
Vector150                                         build/obj/vectors.o
Vector154                                         build/obj/vectors.o
Vector158                                         build/obj/vectors.o
Vector15C                                         build/obj/vectors.o
Vector1C                                          build/obj/vectors.o
Vector20                                          build/obj/vectors.o
Vector24                                          build/obj/vectors.o
Vector28                                          build/obj/vectors.o
Vector34                                          build/obj/vectors.o
Vector40                                          build/obj/vectors.o
Vector44                                          build/obj/vectors.o
Vector48                                          build/obj/vectors.o
Vector4C                                          build/obj/vectors.o
Vector50                                          build/obj/vectors.o
Vector54                                          build/obj/vectors.o
Vector58                                          build/obj/vectors.o
Vector5C                                          build/obj/vectors.o
Vector60                                          build/obj/vectors.o
Vector64                                          build/obj/vectors.o
Vector68                                          build/obj/vectors.o
Vector6C                                          build/obj/stm32_dma.o
                                                  build/obj/vectors.o
Vector70                                          build/obj/stm32_dma.o
                                                  build/obj/vectors.o
Vector74                                          build/obj/stm32_dma.o
                                                  build/obj/vectors.o
Vector78                                          build/obj/stm32_dma.o
                                                  build/obj/vectors.o
Vector7C                                          build/obj/stm32_dma.o
                                                  build/obj/vectors.o
Vector80                                          build/obj/stm32_dma.o
                                                  build/obj/vectors.o
Vector84                                          build/obj/stm32_dma.o
                                                  build/obj/vectors.o
Vector88                                          build/obj/vectors.o
Vector8C                                          build/obj/hal_can_lld.o
                                                  build/obj/vectors.o
Vector90                                          build/obj/hal_can_lld.o
                                                  build/obj/vectors.o
Vector94                                          build/obj/hal_can_lld.o
                                                  build/obj/vectors.o
Vector98                                          build/obj/hal_can_lld.o
                                                  build/obj/vectors.o
Vector9C                                          build/obj/vectors.o
VectorA0                                          build/obj/vectors.o
VectorA4                                          build/obj/vectors.o
VectorA8                                          build/obj/vectors.o
VectorAC                                          build/obj/vectors.o
VectorB0                                          build/obj/hal_st_lld.o
                                                  build/obj/vectors.o
VectorB4                                          build/obj/vectors.o
VectorB8                                          build/obj/vectors.o
VectorBC                                          build/obj/vectors.o
VectorC0                                          build/obj/vectors.o
VectorC4                                          build/obj/vectors.o
VectorC8                                          build/obj/vectors.o
VectorCC                                          build/obj/vectors.o
VectorD0                                          build/obj/vectors.o
VectorD4                                          build/obj/vectors.o
VectorD8                                          build/obj/hal_uart_lld.o
                                                  build/obj/vectors.o
VectorDC                                          build/obj/vectors.o
VectorE0                                          build/obj/vectors.o
VectorE4                                          build/obj/vectors.o
VectorE8                                          build/obj/vectors.o
VectorEC                                          build/obj/vectors.o
VectorF0                                          build/obj/vectors.o
VectorF4                                          build/obj/vectors.o
VectorF8                                          build/obj/vectors.o
VectorFC                                          build/obj/vectors.o
__adddf3                                          c:/chibistudio/tools/gnu tools arm embedded/7.0 2017q4/bin/../lib/gcc/arm-none-eabi/7.2.1/thumb/v7-m\libgcc.a(_arm_addsubdf3.o)
__addsf3                                          c:/chibistudio/tools/gnu tools arm embedded/7.0 2017q4/bin/../lib/gcc/arm-none-eabi/7.2.1/thumb/v7-m\libgcc.a(_arm_addsubsf3.o)
__aeabi_cdcmpeq                                   c:/chibistudio/tools/gnu tools arm embedded/7.0 2017q4/bin/../lib/gcc/arm-none-eabi/7.2.1/thumb/v7-m\libgcc.a(_arm_cmpdf2.o)
__aeabi_cdcmple                                   c:/chibistudio/tools/gnu tools arm embedded/7.0 2017q4/bin/../lib/gcc/arm-none-eabi/7.2.1/thumb/v7-m\libgcc.a(_arm_cmpdf2.o)
__aeabi_cdrcmple                                  c:/chibistudio/tools/gnu tools arm embedded/7.0 2017q4/bin/../lib/gcc/arm-none-eabi/7.2.1/thumb/v7-m\libgcc.a(_arm_cmpdf2.o)
__aeabi_cfcmpeq                                   c:/chibistudio/tools/gnu tools arm embedded/7.0 2017q4/bin/../lib/gcc/arm-none-eabi/7.2.1/thumb/v7-m\libgcc.a(_arm_cmpsf2.o)
__aeabi_cfcmple                                   c:/chibistudio/tools/gnu tools arm embedded/7.0 2017q4/bin/../lib/gcc/arm-none-eabi/7.2.1/thumb/v7-m\libgcc.a(_arm_cmpsf2.o)
__aeabi_cfrcmple                                  c:/chibistudio/tools/gnu tools arm embedded/7.0 2017q4/bin/../lib/gcc/arm-none-eabi/7.2.1/thumb/v7-m\libgcc.a(_arm_cmpsf2.o)
__aeabi_d2iz                                      c:/chibistudio/tools/gnu tools arm embedded/7.0 2017q4/bin/../lib/gcc/arm-none-eabi/7.2.1/thumb/v7-m\libgcc.a(_arm_fixdfsi.o)
                                                  build/obj/turret.o
__aeabi_dadd                                      c:/chibistudio/tools/gnu tools arm embedded/7.0 2017q4/bin/../lib/gcc/arm-none-eabi/7.2.1/thumb/v7-m\libgcc.a(_arm_addsubdf3.o)
__aeabi_dcmpeq                                    c:/chibistudio/tools/gnu tools arm embedded/7.0 2017q4/bin/../lib/gcc/arm-none-eabi/7.2.1/thumb/v7-m\libgcc.a(_arm_cmpdf2.o)
__aeabi_dcmpge                                    c:/chibistudio/tools/gnu tools arm embedded/7.0 2017q4/bin/../lib/gcc/arm-none-eabi/7.2.1/thumb/v7-m\libgcc.a(_arm_cmpdf2.o)
__aeabi_dcmpgt                                    c:/chibistudio/tools/gnu tools arm embedded/7.0 2017q4/bin/../lib/gcc/arm-none-eabi/7.2.1/thumb/v7-m\libgcc.a(_arm_cmpdf2.o)
                                                  build/obj/turret.o
__aeabi_dcmple                                    c:/chibistudio/tools/gnu tools arm embedded/7.0 2017q4/bin/../lib/gcc/arm-none-eabi/7.2.1/thumb/v7-m\libgcc.a(_arm_cmpdf2.o)
__aeabi_dcmplt                                    c:/chibistudio/tools/gnu tools arm embedded/7.0 2017q4/bin/../lib/gcc/arm-none-eabi/7.2.1/thumb/v7-m\libgcc.a(_arm_cmpdf2.o)
                                                  build/obj/turret.o
__aeabi_ddiv                                      c:/chibistudio/tools/gnu tools arm embedded/7.0 2017q4/bin/../lib/gcc/arm-none-eabi/7.2.1/thumb/v7-m\libgcc.a(_arm_muldivdf3.o)
                                                  build/obj/turret.o
__aeabi_dmul                                      c:/chibistudio/tools/gnu tools arm embedded/7.0 2017q4/bin/../lib/gcc/arm-none-eabi/7.2.1/thumb/v7-m\libgcc.a(_arm_muldivdf3.o)
                                                  build/obj/turret.o
__aeabi_drsub                                     c:/chibistudio/tools/gnu tools arm embedded/7.0 2017q4/bin/../lib/gcc/arm-none-eabi/7.2.1/thumb/v7-m\libgcc.a(_arm_addsubdf3.o)
__aeabi_dsub                                      c:/chibistudio/tools/gnu tools arm embedded/7.0 2017q4/bin/../lib/gcc/arm-none-eabi/7.2.1/thumb/v7-m\libgcc.a(_arm_addsubdf3.o)
__aeabi_f2d                                       c:/chibistudio/tools/gnu tools arm embedded/7.0 2017q4/bin/../lib/gcc/arm-none-eabi/7.2.1/thumb/v7-m\libgcc.a(_arm_addsubdf3.o)
                                                  build/obj/turret.o
__aeabi_f2iz                                      c:/chibistudio/tools/gnu tools arm embedded/7.0 2017q4/bin/../lib/gcc/arm-none-eabi/7.2.1/thumb/v7-m\libgcc.a(_arm_fixsfsi.o)
                                                  build/obj/main.o
__aeabi_fadd                                      c:/chibistudio/tools/gnu tools arm embedded/7.0 2017q4/bin/../lib/gcc/arm-none-eabi/7.2.1/thumb/v7-m\libgcc.a(_arm_addsubsf3.o)
                                                  build/obj/turret.o
                                                  build/obj/pid.o
__aeabi_fcmpeq                                    c:/chibistudio/tools/gnu tools arm embedded/7.0 2017q4/bin/../lib/gcc/arm-none-eabi/7.2.1/thumb/v7-m\libgcc.a(_arm_cmpsf2.o)
__aeabi_fcmpge                                    c:/chibistudio/tools/gnu tools arm embedded/7.0 2017q4/bin/../lib/gcc/arm-none-eabi/7.2.1/thumb/v7-m\libgcc.a(_arm_cmpsf2.o)
__aeabi_fcmpgt                                    c:/chibistudio/tools/gnu tools arm embedded/7.0 2017q4/bin/../lib/gcc/arm-none-eabi/7.2.1/thumb/v7-m\libgcc.a(_arm_cmpsf2.o)
                                                  build/obj/turret.o
                                                  build/obj/pid.o
__aeabi_fcmple                                    c:/chibistudio/tools/gnu tools arm embedded/7.0 2017q4/bin/../lib/gcc/arm-none-eabi/7.2.1/thumb/v7-m\libgcc.a(_arm_cmpsf2.o)
__aeabi_fcmplt                                    c:/chibistudio/tools/gnu tools arm embedded/7.0 2017q4/bin/../lib/gcc/arm-none-eabi/7.2.1/thumb/v7-m\libgcc.a(_arm_cmpsf2.o)
                                                  build/obj/turret.o
                                                  build/obj/pid.o
__aeabi_fdiv                                      c:/chibistudio/tools/gnu tools arm embedded/7.0 2017q4/bin/../lib/gcc/arm-none-eabi/7.2.1/thumb/v7-m\libgcc.a(_arm_muldivsf3.o)
                                                  build/obj/turret.o
                                                  build/obj/pid.o
__aeabi_fmul                                      c:/chibistudio/tools/gnu tools arm embedded/7.0 2017q4/bin/../lib/gcc/arm-none-eabi/7.2.1/thumb/v7-m\libgcc.a(_arm_muldivsf3.o)
                                                  build/obj/pid.o
                                                  build/obj/canBusProcess.o
__aeabi_frsub                                     c:/chibistudio/tools/gnu tools arm embedded/7.0 2017q4/bin/../lib/gcc/arm-none-eabi/7.2.1/thumb/v7-m\libgcc.a(_arm_addsubsf3.o)
__aeabi_fsub                                      c:/chibistudio/tools/gnu tools arm embedded/7.0 2017q4/bin/../lib/gcc/arm-none-eabi/7.2.1/thumb/v7-m\libgcc.a(_arm_addsubsf3.o)
                                                  build/obj/turret.o
                                                  build/obj/pid.o
__aeabi_i2d                                       c:/chibistudio/tools/gnu tools arm embedded/7.0 2017q4/bin/../lib/gcc/arm-none-eabi/7.2.1/thumb/v7-m\libgcc.a(_arm_addsubdf3.o)
__aeabi_i2f                                       c:/chibistudio/tools/gnu tools arm embedded/7.0 2017q4/bin/../lib/gcc/arm-none-eabi/7.2.1/thumb/v7-m\libgcc.a(_arm_addsubsf3.o)
                                                  build/obj/turret.o
                                                  build/obj/canBusProcess.o
__aeabi_l2d                                       c:/chibistudio/tools/gnu tools arm embedded/7.0 2017q4/bin/../lib/gcc/arm-none-eabi/7.2.1/thumb/v7-m\libgcc.a(_arm_addsubdf3.o)
__aeabi_l2f                                       c:/chibistudio/tools/gnu tools arm embedded/7.0 2017q4/bin/../lib/gcc/arm-none-eabi/7.2.1/thumb/v7-m\libgcc.a(_arm_addsubsf3.o)
__aeabi_ui2d                                      c:/chibistudio/tools/gnu tools arm embedded/7.0 2017q4/bin/../lib/gcc/arm-none-eabi/7.2.1/thumb/v7-m\libgcc.a(_arm_addsubdf3.o)
__aeabi_ui2f                                      c:/chibistudio/tools/gnu tools arm embedded/7.0 2017q4/bin/../lib/gcc/arm-none-eabi/7.2.1/thumb/v7-m\libgcc.a(_arm_addsubsf3.o)
__aeabi_ul2d                                      c:/chibistudio/tools/gnu tools arm embedded/7.0 2017q4/bin/../lib/gcc/arm-none-eabi/7.2.1/thumb/v7-m\libgcc.a(_arm_addsubdf3.o)
__aeabi_ul2f                                      c:/chibistudio/tools/gnu tools arm embedded/7.0 2017q4/bin/../lib/gcc/arm-none-eabi/7.2.1/thumb/v7-m\libgcc.a(_arm_addsubsf3.o)
__cmpdf2                                          c:/chibistudio/tools/gnu tools arm embedded/7.0 2017q4/bin/../lib/gcc/arm-none-eabi/7.2.1/thumb/v7-m\libgcc.a(_arm_cmpdf2.o)
__cmpsf2                                          c:/chibistudio/tools/gnu tools arm embedded/7.0 2017q4/bin/../lib/gcc/arm-none-eabi/7.2.1/thumb/v7-m\libgcc.a(_arm_cmpsf2.o)
__core_init                                       build/obj/crt1.o
                                                  build/obj/crt0_v7m.o
__default_exit                                    build/obj/crt1.o
                                                  build/obj/crt0_v7m.o
__divdf3                                          c:/chibistudio/tools/gnu tools arm embedded/7.0 2017q4/bin/../lib/gcc/arm-none-eabi/7.2.1/thumb/v7-m\libgcc.a(_arm_muldivdf3.o)